Archive member included to satisfy reference by file (symbol)

c:/st/stm32cubeide_1.11.2/stm32cubeide/plugins/com.st.stm32cube.ide.mcu.externaltools.gnu-tools-for-stm32.10.3-2021.10.win32_1.0.100.202210260954/tools/bin/../lib/gcc/arm-none-eabi/10.3.1/../../../../arm-none-eabi/lib/thumb/v7e-m+fp/hard\libc_nano.a(lib_a-errno.o)
                              ./Core/Src/syscalls.o (__errno)
c:/st/stm32cubeide_1.11.2/stm32cubeide/plugins/com.st.stm32cube.ide.mcu.externaltools.gnu-tools-for-stm32.10.3-2021.10.win32_1.0.100.202210260954/tools/bin/../lib/gcc/arm-none-eabi/10.3.1/../../../../arm-none-eabi/lib/thumb/v7e-m+fp/hard\libc_nano.a(lib_a-exit.o)
                              c:/st/stm32cubeide_1.11.2/stm32cubeide/plugins/com.st.stm32cube.ide.mcu.externaltools.gnu-tools-for-stm32.10.3-2021.10.win32_1.0.100.202210260954/tools/bin/../lib/gcc/arm-none-eabi/10.3.1/../../../../arm-none-eabi/lib/thumb/v7e-m+fp/hard/crt0.o (exit)
c:/st/stm32cubeide_1.11.2/stm32cubeide/plugins/com.st.stm32cube.ide.mcu.externaltools.gnu-tools-for-stm32.10.3-2021.10.win32_1.0.100.202210260954/tools/bin/../lib/gcc/arm-none-eabi/10.3.1/../../../../arm-none-eabi/lib/thumb/v7e-m+fp/hard\libc_nano.a(lib_a-impure.o)
                              c:/st/stm32cubeide_1.11.2/stm32cubeide/plugins/com.st.stm32cube.ide.mcu.externaltools.gnu-tools-for-stm32.10.3-2021.10.win32_1.0.100.202210260954/tools/bin/../lib/gcc/arm-none-eabi/10.3.1/../../../../arm-none-eabi/lib/thumb/v7e-m+fp/hard\libc_nano.a(lib_a-exit.o) (_global_impure_ptr)
c:/st/stm32cubeide_1.11.2/stm32cubeide/plugins/com.st.stm32cube.ide.mcu.externaltools.gnu-tools-for-stm32.10.3-2021.10.win32_1.0.100.202210260954/tools/bin/../lib/gcc/arm-none-eabi/10.3.1/../../../../arm-none-eabi/lib/thumb/v7e-m+fp/hard\libc_nano.a(lib_a-init.o)
                              c:/st/stm32cubeide_1.11.2/stm32cubeide/plugins/com.st.stm32cube.ide.mcu.externaltools.gnu-tools-for-stm32.10.3-2021.10.win32_1.0.100.202210260954/tools/bin/../lib/gcc/arm-none-eabi/10.3.1/../../../../arm-none-eabi/lib/thumb/v7e-m+fp/hard/crt0.o (__libc_init_array)
c:/st/stm32cubeide_1.11.2/stm32cubeide/plugins/com.st.stm32cube.ide.mcu.externaltools.gnu-tools-for-stm32.10.3-2021.10.win32_1.0.100.202210260954/tools/bin/../lib/gcc/arm-none-eabi/10.3.1/../../../../arm-none-eabi/lib/thumb/v7e-m+fp/hard\libc_nano.a(lib_a-memset.o)
                              c:/st/stm32cubeide_1.11.2/stm32cubeide/plugins/com.st.stm32cube.ide.mcu.externaltools.gnu-tools-for-stm32.10.3-2021.10.win32_1.0.100.202210260954/tools/bin/../lib/gcc/arm-none-eabi/10.3.1/../../../../arm-none-eabi/lib/thumb/v7e-m+fp/hard/crt0.o (memset)
c:/st/stm32cubeide_1.11.2/stm32cubeide/plugins/com.st.stm32cube.ide.mcu.externaltools.gnu-tools-for-stm32.10.3-2021.10.win32_1.0.100.202210260954/tools/bin/../lib/gcc/arm-none-eabi/10.3.1/thumb/v7e-m+fp/hard\libgcc.a(_aeabi_uldivmod.o)
                              ./Drivers/STM32F4xx_HAL_Driver/Src/stm32f4xx_hal_rcc.o (__aeabi_uldivmod)
c:/st/stm32cubeide_1.11.2/stm32cubeide/plugins/com.st.stm32cube.ide.mcu.externaltools.gnu-tools-for-stm32.10.3-2021.10.win32_1.0.100.202210260954/tools/bin/../lib/gcc/arm-none-eabi/10.3.1/thumb/v7e-m+fp/hard\libgcc.a(_udivmoddi4.o)
                              c:/st/stm32cubeide_1.11.2/stm32cubeide/plugins/com.st.stm32cube.ide.mcu.externaltools.gnu-tools-for-stm32.10.3-2021.10.win32_1.0.100.202210260954/tools/bin/../lib/gcc/arm-none-eabi/10.3.1/thumb/v7e-m+fp/hard\libgcc.a(_aeabi_uldivmod.o) (__udivmoddi4)
c:/st/stm32cubeide_1.11.2/stm32cubeide/plugins/com.st.stm32cube.ide.mcu.externaltools.gnu-tools-for-stm32.10.3-2021.10.win32_1.0.100.202210260954/tools/bin/../lib/gcc/arm-none-eabi/10.3.1/thumb/v7e-m+fp/hard\libgcc.a(_dvmd_tls.o)
                              c:/st/stm32cubeide_1.11.2/stm32cubeide/plugins/com.st.stm32cube.ide.mcu.externaltools.gnu-tools-for-stm32.10.3-2021.10.win32_1.0.100.202210260954/tools/bin/../lib/gcc/arm-none-eabi/10.3.1/thumb/v7e-m+fp/hard\libgcc.a(_aeabi_uldivmod.o) (__aeabi_ldiv0)

Discarded input sections

 .text          0x0000000000000000        0x0 c:/st/stm32cubeide_1.11.2/stm32cubeide/plugins/com.st.stm32cube.ide.mcu.externaltools.gnu-tools-for-stm32.10.3-2021.10.win32_1.0.100.202210260954/tools/bin/../lib/gcc/arm-none-eabi/10.3.1/thumb/v7e-m+fp/hard/crti.o
 .data          0x0000000000000000        0x0 c:/st/stm32cubeide_1.11.2/stm32cubeide/plugins/com.st.stm32cube.ide.mcu.externaltools.gnu-tools-for-stm32.10.3-2021.10.win32_1.0.100.202210260954/tools/bin/../lib/gcc/arm-none-eabi/10.3.1/thumb/v7e-m+fp/hard/crti.o
 .bss           0x0000000000000000        0x0 c:/st/stm32cubeide_1.11.2/stm32cubeide/plugins/com.st.stm32cube.ide.mcu.externaltools.gnu-tools-for-stm32.10.3-2021.10.win32_1.0.100.202210260954/tools/bin/../lib/gcc/arm-none-eabi/10.3.1/thumb/v7e-m+fp/hard/crti.o
[...]
Memory Configuration

Name             Origin             Length             Attributes
CCMRAM           0x0000000010000000 0x0000000000010000 xrw
RAM              0x0000000020000000 0x0000000000050000 xrw
FLASH            0x0000000008000000 0x0000000000200000 xr
*default*        0x0000000000000000 0xffffffffffffffff

Linker script and memory map

LOAD c:/st/stm32cubeide_1.11.2/stm32cubeide/plugins/com.st.stm32cube.ide.mcu.externaltools.gnu-tools-for-stm32.10.3-2021.10.win32_1.0.100.202210260954/tools/bin/../lib/gcc/arm-none-eabi/10.3.1/thumb/v7e-m+fp/hard/crti.o
LOAD c:/st/stm32cubeide_1.11.2/stm32cubeide/plugins/com.st.stm32cube.ide.mcu.externaltools.gnu-tools-for-stm32.10.3-2021.10.win32_1.0.100.202210260954/tools/bin/../lib/gcc/arm-none-eabi/10.3.1/thumb/v7e-m+fp/hard/crtbegin.o
LOAD c:/st/stm32cubeide_1.11.2/stm32cubeide/plugins/com.st.stm32cube.ide.mcu.externaltools.gnu-tools-for-stm32.10.3-2021.10.win32_1.0.100.202210260954/tools/bin/../lib/gcc/arm-none-eabi/10.3.1/../../../../arm-none-eabi/lib/thumb/v7e-m+fp/hard/crt0.o
LOAD ./Core/Src/crc.o
LOAD ./Core/Src/fmc.o
LOAD ./Core/Src/gpio.o
LOAD ./Core/Src/main.o
LOAD ./Core/Src/quadspi.o
LOAD ./Core/Src/stm32469i_discovery_sdram.o
LOAD ./Core/Src/stm32f4xx_hal_msp.o
LOAD ./Core/Src/stm32f4xx_hal_timebase_tim.o
LOAD ./Core/Src/stm32f4xx_it.o
LOAD ./Core/Src/syscalls.o
LOAD ./Core/Src/sysmem.o
LOAD ./Core/Src/system_stm32f4xx.o
LOAD ./Core/Src/tim.o
LOAD ./Core/Startup/startup_stm32f469nihx.o
LOAD ./Drivers/STM32F4xx_HAL_Driver/Src/stm32f4xx_hal.o
LOAD ./Drivers/STM32F4xx_HAL_Driver/Src/stm32f4xx_hal_cortex.o
LOAD ./Drivers/STM32F4xx_HAL_Driver/Src/stm32f4xx_hal_crc.o
LOAD ./Drivers/STM32F4xx_HAL_Driver/Src/stm32f4xx_hal_dma.o
LOAD ./Drivers/STM32F4xx_HAL_Driver/Src/stm32f4xx_hal_dma_ex.o
LOAD ./Drivers/STM32F4xx_HAL_Driver/Src/stm32f4xx_hal_exti.o
LOAD ./Drivers/STM32F4xx_HAL_Driver/Src/stm32f4xx_hal_flash.o
LOAD ./Drivers/STM32F4xx_HAL_Driver/Src/stm32f4xx_hal_flash_ex.o
LOAD ./Drivers/STM32F4xx_HAL_Driver/Src/stm32f4xx_hal_flash_ramfunc.o
LOAD ./Drivers/STM32F4xx_HAL_Driver/Src/stm32f4xx_hal_gpio.o
LOAD ./Drivers/STM32F4xx_HAL_Driver/Src/stm32f4xx_hal_pwr.o
LOAD ./Drivers/STM32F4xx_HAL_Driver/Src/stm32f4xx_hal_pwr_ex.o
LOAD ./Drivers/STM32F4xx_HAL_Driver/Src/stm32f4xx_hal_qspi.o
LOAD ./Drivers/STM32F4xx_HAL_Driver/Src/stm32f4xx_hal_rcc.o
LOAD ./Drivers/STM32F4xx_HAL_Driver/Src/stm32f4xx_hal_rcc_ex.o
LOAD ./Drivers/STM32F4xx_HAL_Driver/Src/stm32f4xx_hal_sdram.o
LOAD ./Drivers/STM32F4xx_HAL_Driver/Src/stm32f4xx_hal_tim.o
LOAD ./Drivers/STM32F4xx_HAL_Driver/Src/stm32f4xx_hal_tim_ex.o
LOAD ./Drivers/STM32F4xx_HAL_Driver/Src/stm32f4xx_ll_fmc.o
START GROUP
LOAD c:/st/stm32cubeide_1.11.2/stm32cubeide/plugins/com.st.stm32cube.ide.mcu.externaltools.gnu-tools-for-stm32.10.3-2021.10.win32_1.0.100.202210260954/tools/bin/../lib/gcc/arm-none-eabi/10.3.1/../../../../arm-none-eabi/lib/thumb/v7e-m+fp/hard\libc_nano.a
LOAD c:/st/stm32cubeide_1.11.2/stm32cubeide/plugins/com.st.stm32cube.ide.mcu.externaltools.gnu-tools-for-stm32.10.3-2021.10.win32_1.0.100.202210260954/tools/bin/../lib/gcc/arm-none-eabi/10.3.1/../../../../arm-none-eabi/lib/thumb/v7e-m+fp/hard\libm.a
END GROUP
START GROUP
LOAD c:/st/stm32cubeide_1.11.2/stm32cubeide/plugins/com.st.stm32cube.ide.mcu.externaltools.gnu-tools-for-stm32.10.3-2021.10.win32_1.0.100.202210260954/tools/bin/../lib/gcc/arm-none-eabi/10.3.1/thumb/v7e-m+fp/hard\libgcc.a
LOAD c:/st/stm32cubeide_1.11.2/stm32cubeide/plugins/com.st.stm32cube.ide.mcu.externaltools.gnu-tools-for-stm32.10.3-2021.10.win32_1.0.100.202210260954/tools/bin/../lib/gcc/arm-none-eabi/10.3.1/../../../../arm-none-eabi/lib/thumb/v7e-m+fp/hard\libc_nano.a
END GROUP
START GROUP
LOAD c:/st/stm32cubeide_1.11.2/stm32cubeide/plugins/com.st.stm32cube.ide.mcu.externaltools.gnu-tools-for-stm32.10.3-2021.10.win32_1.0.100.202210260954/tools/bin/../lib/gcc/arm-none-eabi/10.3.1/thumb/v7e-m+fp/hard\libgcc.a
LOAD c:/st/stm32cubeide_1.11.2/stm32cubeide/plugins/com.st.stm32cube.ide.mcu.externaltools.gnu-tools-for-stm32.10.3-2021.10.win32_1.0.100.202210260954/tools/bin/../lib/gcc/arm-none-eabi/10.3.1/../../../../arm-none-eabi/lib/thumb/v7e-m+fp/hard\libc_nano.a
LOAD c:/st/stm32cubeide_1.11.2/stm32cubeide/plugins/com.st.stm32cube.ide.mcu.externaltools.gnu-tools-for-stm32.10.3-2021.10.win32_1.0.100.202210260954/tools/bin/../lib/gcc/arm-none-eabi/10.3.1/../../../../arm-none-eabi/lib/thumb/v7e-m+fp/hard\libnosys.a
END GROUP
START GROUP
LOAD c:/st/stm32cubeide_1.11.2/stm32cubeide/plugins/com.st.stm32cube.ide.mcu.externaltools.gnu-tools-for-stm32.10.3-2021.10.win32_1.0.100.202210260954/tools/bin/../lib/gcc/arm-none-eabi/10.3.1/thumb/v7e-m+fp/hard\libgcc.a
LOAD c:/st/stm32cubeide_1.11.2/stm32cubeide/plugins/com.st.stm32cube.ide.mcu.externaltools.gnu-tools-for-stm32.10.3-2021.10.win32_1.0.100.202210260954/tools/bin/../lib/gcc/arm-none-eabi/10.3.1/../../../../arm-none-eabi/lib/thumb/v7e-m+fp/hard\libc_nano.a
LOAD c:/st/stm32cubeide_1.11.2/stm32cubeide/plugins/com.st.stm32cube.ide.mcu.externaltools.gnu-tools-for-stm32.10.3-2021.10.win32_1.0.100.202210260954/tools/bin/../lib/gcc/arm-none-eabi/10.3.1/../../../../arm-none-eabi/lib/thumb/v7e-m+fp/hard\libnosys.a
END GROUP
LOAD c:/st/stm32cubeide_1.11.2/stm32cubeide/plugins/com.st.stm32cube.ide.mcu.externaltools.gnu-tools-for-stm32.10.3-2021.10.win32_1.0.100.202210260954/tools/bin/../lib/gcc/arm-none-eabi/10.3.1/thumb/v7e-m+fp/hard/crtend.o
LOAD c:/st/stm32cubeide_1.11.2/stm32cubeide/plugins/com.st.stm32cube.ide.mcu.externaltools.gnu-tools-for-stm32.10.3-2021.10.win32_1.0.100.202210260954/tools/bin/../lib/gcc/arm-none-eabi/10.3.1/thumb/v7e-m+fp/hard/crtn.o
                0x0000000020050000                _estack = (ORIGIN (RAM) + LENGTH (RAM))
                0x0000000000000200                _Min_Heap_Size = 0x200
                0x0000000000000400                _Min_Stack_Size = 0x400

.isr_vector     0x0000000008000000      0x1b4
                0x0000000008000000                . = ALIGN (0x4)
 *(.isr_vector)
 .isr_vector    0x0000000008000000      0x1b4 ./Core/Startup/startup_stm32f469nihx.o
                0x0000000008000000                g_pfnVectors
                0x00000000080001b4                . = ALIGN (0x4)

.text           0x00000000080001b4     0x332c
                0x00000000080001b4                . = ALIGN (0x4)
 *(.text)
 .text          0x00000000080001b4       0x40 c:/st/stm32cubeide_1.11.2/stm32cubeide/plugins/com.st.stm32cube.ide.mcu.externaltools.gnu-tools-for-stm32.10.3-2021.10.win32_1.0.100.202210260954/tools/bin/../lib/gcc/arm-none-eabi/10.3.1/thumb/v7e-m+fp/hard/crtbegin.o
 .text          0x00000000080001f4       0x30 c:/st/stm32cubeide_1.11.2/stm32cubeide/plugins/com.st.stm32cube.ide.mcu.externaltools.gnu-tools-for-stm32.10.3-2021.10.win32_1.0.100.202210260954/tools/bin/../lib/gcc/arm-none-eabi/10.3.1/thumb/v7e-m+fp/hard\libgcc.a(_aeabi_uldivmod.o)
                0x00000000080001f4                __aeabi_uldivmod
 .text          0x0000000008000224      0x2d0 c:/st/stm32cubeide_1.11.2/stm32cubeide/plugins/com.st.stm32cube.ide.mcu.externaltools.gnu-tools-for-stm32.10.3-2021.10.win32_1.0.100.202210260954/tools/bin/../lib/gcc/arm-none-eabi/10.3.1/thumb/v7e-m+fp/hard\libgcc.a(_udivmoddi4.o)
                0x0000000008000224                __udivmoddi4
 .text          0x00000000080004f4        0x4 c:/st/stm32cubeide_1.11.2/stm32cubeide/plugins/com.st.stm32cube.ide.mcu.externaltools.gnu-tools-for-stm32.10.3-2021.10.win32_1.0.100.202210260954/tools/bin/../lib/gcc/arm-none-eabi/10.3.1/thumb/v7e-m+fp/hard\libgcc.a(_dvmd_tls.o)
                0x00000000080004f4                __aeabi_idiv0
                0x00000000080004f4                __aeabi_ldiv0
 *(.text*)
 .text.MX_CRC_Init
                0x00000000080004f8       0x28 ./Core/Src/crc.o
                0x00000000080004f8                MX_CRC_Init
 .text.HAL_CRC_MspInit
                0x0000000008000520       0x44 ./Core/Src/crc.o
                0x0000000008000520                HAL_CRC_MspInit
 .text.MX_FMC_Init
                0x0000000008000564       0xa0 ./Core/Src/fmc.o
                0x0000000008000564                MX_FMC_Init
 .text.HAL_FMC_MspInit
                0x0000000008000604      0x14c ./Core/Src/fmc.o
 .text.HAL_SDRAM_MspInit
                0x0000000008000750       0x14 ./Core/Src/fmc.o
                0x0000000008000750                HAL_SDRAM_MspInit
 .text.MX_GPIO_Init
                0x0000000008000764      0x4b0 ./Core/Src/gpio.o
                0x0000000008000764                MX_GPIO_Init
 .text.main     0x0000000008000c14       0x22 ./Core/Src/main.o
                0x0000000008000c14                main
 *fill*         0x0000000008000c36        0x2 
 .text.SystemClock_Config
                0x0000000008000c38       0xe4 ./Core/Src/main.o
                0x0000000008000c38                SystemClock_Config
 .text.HAL_TIM_PeriodElapsedCallback
                0x0000000008000d1c       0x24 ./Core/Src/main.o
                0x0000000008000d1c                HAL_TIM_PeriodElapsedCallback
 .text.Error_Handler
                0x0000000008000d40        0xa ./Core/Src/main.o
                0x0000000008000d40                Error_Handler
 *fill*         0x0000000008000d4a        0x2 
 .text.BSP_SDRAM_Init
                0x0000000008000d4c       0xbc ./Core/Src/stm32469i_discovery_sdram.o
                0x0000000008000d4c                BSP_SDRAM_Init
 .text.BSP_SDRAM_Initialization_sequence
                0x0000000008000e08       0xc0 ./Core/Src/stm32469i_discovery_sdram.o
                0x0000000008000e08                BSP_SDRAM_Initialization_sequence
 .text.BSP_SDRAM_MspInit
                0x0000000008000ec8      0x24c ./Core/Src/stm32469i_discovery_sdram.o
                0x0000000008000ec8                BSP_SDRAM_MspInit
 .text.HAL_MspInit
                0x0000000008001114       0x50 ./Core/Src/stm32f4xx_hal_msp.o
                0x0000000008001114                HAL_MspInit
 .text.HAL_InitTick
                0x0000000008001164       0xf8 ./Core/Src/stm32f4xx_hal_timebase_tim.o
                0x0000000008001164                HAL_InitTick
 .text.NMI_Handler
                0x000000000800125c        0x6 ./Core/Src/stm32f4xx_it.o
                0x000000000800125c                NMI_Handler
 .text.HardFault_Handler
                0x0000000008001262        0x6 ./Core/Src/stm32f4xx_it.o
                0x0000000008001262                HardFault_Handler
 .text.MemManage_Handler
                0x0000000008001268        0x6 ./Core/Src/stm32f4xx_it.o
                0x0000000008001268                MemManage_Handler
 .text.BusFault_Handler
                0x000000000800126e        0x6 ./Core/Src/stm32f4xx_it.o
                0x000000000800126e                BusFault_Handler
 .text.UsageFault_Handler
                0x0000000008001274        0x6 ./Core/Src/stm32f4xx_it.o
                0x0000000008001274                UsageFault_Handler
 .text.SVC_Handler
                0x000000000800127a        0xe ./Core/Src/stm32f4xx_it.o
                0x000000000800127a                SVC_Handler
 .text.DebugMon_Handler
                0x0000000008001288        0xe ./Core/Src/stm32f4xx_it.o
                0x0000000008001288                DebugMon_Handler
 .text.PendSV_Handler
                0x0000000008001296        0xe ./Core/Src/stm32f4xx_it.o
                0x0000000008001296                PendSV_Handler
 .text.SysTick_Handler
                0x00000000080012a4        0xe ./Core/Src/stm32f4xx_it.o
                0x00000000080012a4                SysTick_Handler
 *fill*         0x00000000080012b2        0x2 
 .text.TIM6_DAC_IRQHandler
                0x00000000080012b4       0x14 ./Core/Src/stm32f4xx_it.o
                0x00000000080012b4                TIM6_DAC_IRQHandler
 .text.SystemInit
                0x00000000080012c8       0x24 ./Core/Src/system_stm32f4xx.o
                0x00000000080012c8                SystemInit
 .text.MX_TIM1_Init
                0x00000000080012ec       0xa0 ./Core/Src/tim.o
                0x00000000080012ec                MX_TIM1_Init
 .text.HAL_TIM_Base_MspInit
                0x000000000800138c       0x44 ./Core/Src/tim.o
                0x000000000800138c                HAL_TIM_Base_MspInit
 .text.Reset_Handler
                0x00000000080013d0       0x50 ./Core/Startup/startup_stm32f469nihx.o
                0x00000000080013d0                Reset_Handler
 .text.Default_Handler
                0x0000000008001420        0x2 ./Core/Startup/startup_stm32f469nihx.o
                0x0000000008001420                RTC_Alarm_IRQHandler
                0x0000000008001420                HASH_RNG_IRQHandler
                0x0000000008001420                EXTI2_IRQHandler
                0x0000000008001420                TIM8_CC_IRQHandler
                0x0000000008001420                UART8_IRQHandler
                0x0000000008001420                SPI4_IRQHandler
                0x0000000008001420                TIM1_CC_IRQHandler
                0x0000000008001420                DMA2_Stream5_IRQHandler
                0x0000000008001420                DMA1_Stream5_IRQHandler
                0x0000000008001420                PVD_IRQHandler
                0x0000000008001420                SDIO_IRQHandler
                0x0000000008001420                TAMP_STAMP_IRQHandler
                0x0000000008001420                CAN2_RX1_IRQHandler
                0x0000000008001420                EXTI3_IRQHandler
                0x0000000008001420                TIM8_TRG_COM_TIM14_IRQHandler
                0x0000000008001420                TIM1_UP_TIM10_IRQHandler
                0x0000000008001420                TIM8_UP_TIM13_IRQHandler
                0x0000000008001420                I2C3_ER_IRQHandler
                0x0000000008001420                EXTI0_IRQHandler
                0x0000000008001420                I2C2_EV_IRQHandler
                0x0000000008001420                DMA1_Stream2_IRQHandler
                0x0000000008001420                CAN1_RX0_IRQHandler
                0x0000000008001420                FPU_IRQHandler
                0x0000000008001420                OTG_HS_WKUP_IRQHandler
                0x0000000008001420                LTDC_ER_IRQHandler
                0x0000000008001420                CAN2_SCE_IRQHandler
                0x0000000008001420                DMA2_Stream2_IRQHandler
                0x0000000008001420                SPI1_IRQHandler
                0x0000000008001420                TIM1_BRK_TIM9_IRQHandler
                0x0000000008001420                DCMI_IRQHandler
                0x0000000008001420                CAN2_RX0_IRQHandler
                0x0000000008001420                DMA2_Stream3_IRQHandler
                0x0000000008001420                USART6_IRQHandler
                0x0000000008001420                USART3_IRQHandler
                0x0000000008001420                CAN1_RX1_IRQHandler
                0x0000000008001420                UART5_IRQHandler
                0x0000000008001420                DMA2_Stream0_IRQHandler
                0x0000000008001420                TIM4_IRQHandler
                0x0000000008001420                QUADSPI_IRQHandler
                0x0000000008001420                I2C1_EV_IRQHandler
                0x0000000008001420                DMA1_Stream6_IRQHandler
                0x0000000008001420                DMA1_Stream1_IRQHandler
                0x0000000008001420                UART4_IRQHandler
                0x0000000008001420                TIM3_IRQHandler
                0x0000000008001420                RCC_IRQHandler
                0x0000000008001420                TIM8_BRK_TIM12_IRQHandler
                0x0000000008001420                Default_Handler
                0x0000000008001420                EXTI15_10_IRQHandler
                0x0000000008001420                ADC_IRQHandler
                0x0000000008001420                DMA1_Stream7_IRQHandler
                0x0000000008001420                SPI5_IRQHandler
                0x0000000008001420                TIM7_IRQHandler
                0x0000000008001420                CAN2_TX_IRQHandler
                0x0000000008001420                TIM5_IRQHandler
                0x0000000008001420                DMA2_Stream7_IRQHandler
                0x0000000008001420                I2C3_EV_IRQHandler
                0x0000000008001420                EXTI9_5_IRQHandler
                0x0000000008001420                RTC_WKUP_IRQHandler
                0x0000000008001420                LTDC_IRQHandler
                0x0000000008001420                ETH_WKUP_IRQHandler
                0x0000000008001420                SPI2_IRQHandler
                0x0000000008001420                OTG_HS_EP1_IN_IRQHandler
                0x0000000008001420                DMA1_Stream0_IRQHandler
                0x0000000008001420                CAN1_TX_IRQHandler
                0x0000000008001420                EXTI4_IRQHandler
                0x0000000008001420                DSI_IRQHandler
                0x0000000008001420                ETH_IRQHandler
                0x0000000008001420                OTG_HS_EP1_OUT_IRQHandler
                0x0000000008001420                WWDG_IRQHandler
                0x0000000008001420                SPI6_IRQHandler
                0x0000000008001420                TIM2_IRQHandler
                0x0000000008001420                OTG_FS_WKUP_IRQHandler
                0x0000000008001420                TIM1_TRG_COM_TIM11_IRQHandler
                0x0000000008001420                OTG_HS_IRQHandler
                0x0000000008001420                DMA2D_IRQHandler
                0x0000000008001420                EXTI1_IRQHandler
                0x0000000008001420                UART7_IRQHandler
                0x0000000008001420                USART2_IRQHandler
                0x0000000008001420                I2C2_ER_IRQHandler
                0x0000000008001420                DMA2_Stream1_IRQHandler
                0x0000000008001420                CAN1_SCE_IRQHandler
                0x0000000008001420                FLASH_IRQHandler
                0x0000000008001420                DMA2_Stream4_IRQHandler
                0x0000000008001420                USART1_IRQHandler
                0x0000000008001420                OTG_FS_IRQHandler
                0x0000000008001420                SPI3_IRQHandler
                0x0000000008001420                DMA1_Stream4_IRQHandler
                0x0000000008001420                I2C1_ER_IRQHandler
                0x0000000008001420                FMC_IRQHandler
                0x0000000008001420                DMA2_Stream6_IRQHandler
                0x0000000008001420                SAI1_IRQHandler
                0x0000000008001420                DMA1_Stream3_IRQHandler
 *fill*         0x0000000008001422        0x2 
 .text.HAL_Init
                0x0000000008001424       0x44 ./Drivers/STM32F4xx_HAL_Driver/Src/stm32f4xx_hal.o
                0x0000000008001424                HAL_Init
 .text.HAL_IncTick
                0x0000000008001468       0x28 ./Drivers/STM32F4xx_HAL_Driver/Src/stm32f4xx_hal.o
                0x0000000008001468                HAL_IncTick
 .text.HAL_GetTick
                0x0000000008001490       0x18 ./Drivers/STM32F4xx_HAL_Driver/Src/stm32f4xx_hal.o
                0x0000000008001490                HAL_GetTick
 .text.HAL_Delay
                0x00000000080014a8       0x48 ./Drivers/STM32F4xx_HAL_Driver/Src/stm32f4xx_hal.o
                0x00000000080014a8                HAL_Delay
 .text.__NVIC_SetPriorityGrouping
                0x00000000080014f0       0x48 ./Drivers/STM32F4xx_HAL_Driver/Src/stm32f4xx_hal_cortex.o
 .text.__NVIC_GetPriorityGrouping
                0x0000000008001538       0x1c ./Drivers/STM32F4xx_HAL_Driver/Src/stm32f4xx_hal_cortex.o
 .text.__NVIC_EnableIRQ
                0x0000000008001554       0x3c ./Drivers/STM32F4xx_HAL_Driver/Src/stm32f4xx_hal_cortex.o
 .text.__NVIC_SetPriority
                0x0000000008001590       0x54 ./Drivers/STM32F4xx_HAL_Driver/Src/stm32f4xx_hal_cortex.o
 .text.NVIC_EncodePriority
                0x00000000080015e4       0x66 ./Drivers/STM32F4xx_HAL_Driver/Src/stm32f4xx_hal_cortex.o
 .text.HAL_NVIC_SetPriorityGrouping
                0x000000000800164a       0x16 ./Drivers/STM32F4xx_HAL_Driver/Src/stm32f4xx_hal_cortex.o
                0x000000000800164a                HAL_NVIC_SetPriorityGrouping
 .text.HAL_NVIC_SetPriority
                0x0000000008001660       0x38 ./Drivers/STM32F4xx_HAL_Driver/Src/stm32f4xx_hal_cortex.o
                0x0000000008001660                HAL_NVIC_SetPriority
 .text.HAL_NVIC_EnableIRQ
                0x0000000008001698       0x1c ./Drivers/STM32F4xx_HAL_Driver/Src/stm32f4xx_hal_cortex.o
                0x0000000008001698                HAL_NVIC_EnableIRQ
 .text.HAL_CRC_Init
                0x00000000080016b4       0x38 ./Drivers/STM32F4xx_HAL_Driver/Src/stm32f4xx_hal_crc.o
                0x00000000080016b4                HAL_CRC_Init
 .text.HAL_DMA_Init
                0x00000000080016ec      0x15c ./Drivers/STM32F4xx_HAL_Driver/Src/stm32f4xx_hal_dma.o
                0x00000000080016ec                HAL_DMA_Init
 .text.HAL_DMA_DeInit
                0x0000000008001848       0xbc ./Drivers/STM32F4xx_HAL_Driver/Src/stm32f4xx_hal_dma.o
                0x0000000008001848                HAL_DMA_DeInit
 .text.DMA_CalcBaseAndBitshift
                0x0000000008001904       0x6c ./Drivers/STM32F4xx_HAL_Driver/Src/stm32f4xx_hal_dma.o
 .text.DMA_CheckFifoParam
                0x0000000008001970       0xf8 ./Drivers/STM32F4xx_HAL_Driver/Src/stm32f4xx_hal_dma.o
 .text.HAL_GPIO_Init
                0x0000000008001a68      0x358 ./Drivers/STM32F4xx_HAL_Driver/Src/stm32f4xx_hal_gpio.o
                0x0000000008001a68                HAL_GPIO_Init
 .text.HAL_GPIO_WritePin
                0x0000000008001dc0       0x32 ./Drivers/STM32F4xx_HAL_Driver/Src/stm32f4xx_hal_gpio.o
                0x0000000008001dc0                HAL_GPIO_WritePin
 *fill*         0x0000000008001df2        0x2 
 .text.HAL_PWREx_EnableOverDrive
                0x0000000008001df4       0xa0 ./Drivers/STM32F4xx_HAL_Driver/Src/stm32f4xx_hal_pwr_ex.o
                0x0000000008001df4                HAL_PWREx_EnableOverDrive
 .text.HAL_RCC_ClockConfig
                0x0000000008001e94      0x1cc ./Drivers/STM32F4xx_HAL_Driver/Src/stm32f4xx_hal_rcc.o
                0x0000000008001e94                HAL_RCC_ClockConfig
 .text.HAL_RCC_GetSysClockFreq
                0x0000000008002060      0x20c ./Drivers/STM32F4xx_HAL_Driver/Src/stm32f4xx_hal_rcc.o
                0x0000000008002060                HAL_RCC_GetSysClockFreq
 .text.HAL_RCC_GetHCLKFreq
                0x000000000800226c       0x18 ./Drivers/STM32F4xx_HAL_Driver/Src/stm32f4xx_hal_rcc.o
                0x000000000800226c                HAL_RCC_GetHCLKFreq
 .text.HAL_RCC_GetPCLK1Freq
                0x0000000008002284       0x28 ./Drivers/STM32F4xx_HAL_Driver/Src/stm32f4xx_hal_rcc.o
                0x0000000008002284                HAL_RCC_GetPCLK1Freq
 .text.HAL_RCC_GetClockConfig
                0x00000000080022ac       0x64 ./Drivers/STM32F4xx_HAL_Driver/Src/stm32f4xx_hal_rcc.o
                0x00000000080022ac                HAL_RCC_GetClockConfig
 .text.HAL_RCC_OscConfig
                0x0000000008002310      0x508 ./Drivers/STM32F4xx_HAL_Driver/Src/stm32f4xx_hal_rcc_ex.o
                0x0000000008002310                HAL_RCC_OscConfig
 .text.HAL_SDRAM_Init
                0x0000000008002818       0x68 ./Drivers/STM32F4xx_HAL_Driver/Src/stm32f4xx_hal_sdram.o
                0x0000000008002818                HAL_SDRAM_Init
 .text.HAL_SDRAM_SendCommand
                0x0000000008002880       0x6a ./Drivers/STM32F4xx_HAL_Driver/Src/stm32f4xx_hal_sdram.o
                0x0000000008002880                HAL_SDRAM_SendCommand
 .text.HAL_SDRAM_ProgramRefreshRate
                0x00000000080028ea       0x50 ./Drivers/STM32F4xx_HAL_Driver/Src/stm32f4xx_hal_sdram.o
                0x00000000080028ea                HAL_SDRAM_ProgramRefreshRate
 .text.HAL_TIM_Base_Init
                0x000000000800293a       0x9e ./Drivers/STM32F4xx_HAL_Driver/Src/stm32f4xx_hal_tim.o
                0x000000000800293a                HAL_TIM_Base_Init
 .text.HAL_TIM_Base_Start_IT
                0x00000000080029d8       0xe0 ./Drivers/STM32F4xx_HAL_Driver/Src/stm32f4xx_hal_tim.o
                0x00000000080029d8                HAL_TIM_Base_Start_IT
 .text.HAL_TIM_IRQHandler
                0x0000000008002ab8      0x210 ./Drivers/STM32F4xx_HAL_Driver/Src/stm32f4xx_hal_tim.o
                0x0000000008002ab8                HAL_TIM_IRQHandler
 .text.HAL_TIM_ConfigClockSource
                0x0000000008002cc8      0x18e ./Drivers/STM32F4xx_HAL_Driver/Src/stm32f4xx_hal_tim.o
                0x0000000008002cc8                HAL_TIM_ConfigClockSource
 .text.HAL_TIM_OC_DelayElapsedCallback
                0x0000000008002e56       0x14 ./Drivers/STM32F4xx_HAL_Driver/Src/stm32f4xx_hal_tim.o
                0x0000000008002e56                HAL_TIM_OC_DelayElapsedCallback
 .text.HAL_TIM_IC_CaptureCallback
                0x0000000008002e6a       0x14 ./Drivers/STM32F4xx_HAL_Driver/Src/stm32f4xx_hal_tim.o
                0x0000000008002e6a                HAL_TIM_IC_CaptureCallback
 .text.HAL_TIM_PWM_PulseFinishedCallback
                0x0000000008002e7e       0x14 ./Drivers/STM32F4xx_HAL_Driver/Src/stm32f4xx_hal_tim.o
                0x0000000008002e7e                HAL_TIM_PWM_PulseFinishedCallback
 .text.HAL_TIM_TriggerCallback
                0x0000000008002e92       0x14 ./Drivers/STM32F4xx_HAL_Driver/Src/stm32f4xx_hal_tim.o
                0x0000000008002e92                HAL_TIM_TriggerCallback
 *fill*         0x0000000008002ea6        0x2 
 .text.TIM_Base_SetConfig
                0x0000000008002ea8      0x140 ./Drivers/STM32F4xx_HAL_Driver/Src/stm32f4xx_hal_tim.o
                0x0000000008002ea8                TIM_Base_SetConfig
 .text.TIM_TI1_ConfigInputStage
                0x0000000008002fe8       0x5e ./Drivers/STM32F4xx_HAL_Driver/Src/stm32f4xx_hal_tim.o
 .text.TIM_TI2_ConfigInputStage
                0x0000000008003046       0x60 ./Drivers/STM32F4xx_HAL_Driver/Src/stm32f4xx_hal_tim.o
 .text.TIM_ITRx_SetConfig
                0x00000000080030a6       0x36 ./Drivers/STM32F4xx_HAL_Driver/Src/stm32f4xx_hal_tim.o
 .text.TIM_ETR_SetConfig
                0x00000000080030dc       0x40 ./Drivers/STM32F4xx_HAL_Driver/Src/stm32f4xx_hal_tim.o
                0x00000000080030dc                TIM_ETR_SetConfig
 .text.HAL_TIMEx_MasterConfigSynchronization
                0x000000000800311c       0xf8 ./Drivers/STM32F4xx_HAL_Driver/Src/stm32f4xx_hal_tim_ex.o
                0x000000000800311c                HAL_TIMEx_MasterConfigSynchronization
 .text.HAL_TIMEx_CommutCallback
                0x0000000008003214       0x14 ./Drivers/STM32F4xx_HAL_Driver/Src/stm32f4xx_hal_tim_ex.o
                0x0000000008003214                HAL_TIMEx_CommutCallback
 .text.HAL_TIMEx_BreakCallback
                0x0000000008003228       0x14 ./Drivers/STM32F4xx_HAL_Driver/Src/stm32f4xx_hal_tim_ex.o
                0x0000000008003228                HAL_TIMEx_BreakCallback
 .text.FMC_SDRAM_Init
                0x000000000800323c       0xba ./Drivers/STM32F4xx_HAL_Driver/Src/stm32f4xx_ll_fmc.o
                0x000000000800323c                FMC_SDRAM_Init
 .text.FMC_SDRAM_Timing_Init
                0x00000000080032f6       0xd2 ./Drivers/STM32F4xx_HAL_Driver/Src/stm32f4xx_ll_fmc.o
                0x00000000080032f6                FMC_SDRAM_Timing_Init
 .text.FMC_SDRAM_SendCommand
                0x00000000080033c8       0x7a ./Drivers/STM32F4xx_HAL_Driver/Src/stm32f4xx_ll_fmc.o
                0x00000000080033c8                FMC_SDRAM_SendCommand
 .text.FMC_SDRAM_ProgramRefreshRate
                0x0000000008003442       0x2e ./Drivers/STM32F4xx_HAL_Driver/Src/stm32f4xx_ll_fmc.o
                0x0000000008003442                FMC_SDRAM_ProgramRefreshRate
 .text.__libc_init_array
                0x0000000008003470       0x48 c:/st/stm32cubeide_1.11.2/stm32cubeide/plugins/com.st.stm32cube.ide.mcu.externaltools.gnu-tools-for-stm32.10.3-2021.10.win32_1.0.100.202210260954/tools/bin/../lib/gcc/arm-none-eabi/10.3.1/../../../../arm-none-eabi/lib/thumb/v7e-m+fp/hard\libc_nano.a(lib_a-init.o)
                0x0000000008003470                __libc_init_array
 .text.memset   0x00000000080034b8       0x10 c:/st/stm32cubeide_1.11.2/stm32cubeide/plugins/com.st.stm32cube.ide.mcu.externaltools.gnu-tools-for-stm32.10.3-2021.10.win32_1.0.100.202210260954/tools/bin/../lib/gcc/arm-none-eabi/10.3.1/../../../../arm-none-eabi/lib/thumb/v7e-m+fp/hard\libc_nano.a(lib_a-memset.o)
                0x00000000080034b8                memset
 *(.glue_7)
 .glue_7        0x00000000080034c8        0x0 linker stubs
 *(.glue_7t)
 .glue_7t       0x00000000080034c8        0x0 linker stubs
 *(.eh_frame)
 .eh_frame      0x00000000080034c8        0x0 c:/st/stm32cubeide_1.11.2/stm32cubeide/plugins/com.st.stm32cube.ide.mcu.externaltools.gnu-tools-for-stm32.10.3-2021.10.win32_1.0.100.202210260954/tools/bin/../lib/gcc/arm-none-eabi/10.3.1/thumb/v7e-m+fp/hard/crtbegin.o
 *(.init)
 .init          0x00000000080034c8        0x4 c:/st/stm32cubeide_1.11.2/stm32cubeide/plugins/com.st.stm32cube.ide.mcu.externaltools.gnu-tools-for-stm32.10.3-2021.10.win32_1.0.100.202210260954/tools/bin/../lib/gcc/arm-none-eabi/10.3.1/thumb/v7e-m+fp/hard/crti.o
                0x00000000080034c8                _init
 .init          0x00000000080034cc        0x8 c:/st/stm32cubeide_1.11.2/stm32cubeide/plugins/com.st.stm32cube.ide.mcu.externaltools.gnu-tools-for-stm32.10.3-2021.10.win32_1.0.100.202210260954/tools/bin/../lib/gcc/arm-none-eabi/10.3.1/thumb/v7e-m+fp/hard/crtn.o
 *(.fini)
 .fini          0x00000000080034d4        0x4 c:/st/stm32cubeide_1.11.2/stm32cubeide/plugins/com.st.stm32cube.ide.mcu.externaltools.gnu-tools-for-stm32.10.3-2021.10.win32_1.0.100.202210260954/tools/bin/../lib/gcc/arm-none-eabi/10.3.1/thumb/v7e-m+fp/hard/crti.o
                0x00000000080034d4                _fini
 .fini          0x00000000080034d8        0x8 c:/st/stm32cubeide_1.11.2/stm32cubeide/plugins/com.st.stm32cube.ide.mcu.externaltools.gnu-tools-for-stm32.10.3-2021.10.win32_1.0.100.202210260954/tools/bin/../lib/gcc/arm-none-eabi/10.3.1/thumb/v7e-m+fp/hard/crtn.o
                0x00000000080034e0                . = ALIGN (0x4)
                0x00000000080034e0                _etext = .

.vfp11_veneer   0x00000000080034e0        0x0
 .vfp11_veneer  0x00000000080034e0        0x0 linker stubs

.v4_bx          0x00000000080034e0        0x0
 .v4_bx         0x00000000080034e0        0x0 linker stubs

.iplt           0x00000000080034e0        0x0
 .iplt          0x00000000080034e0        0x0 c:/st/stm32cubeide_1.11.2/stm32cubeide/plugins/com.st.stm32cube.ide.mcu.externaltools.gnu-tools-for-stm32.10.3-2021.10.win32_1.0.100.202210260954/tools/bin/../lib/gcc/arm-none-eabi/10.3.1/thumb/v7e-m+fp/hard/crtbegin.o

.rodata         0x00000000080034e0       0x20
                0x00000000080034e0                . = ALIGN (0x4)
 *(.rodata)
 *(.rodata*)
 .rodata.AHBPrescTable
                0x00000000080034e0       0x10 ./Core/Src/system_stm32f4xx.o
                0x00000000080034e0                AHBPrescTable
 .rodata.APBPrescTable
                0x00000000080034f0        0x8 ./Core/Src/system_stm32f4xx.o
                0x00000000080034f0                APBPrescTable
 .rodata.flagBitshiftOffset.0
                0x00000000080034f8        0x8 ./Drivers/STM32F4xx_HAL_Driver/Src/stm32f4xx_hal_dma.o
                0x0000000008003500                . = ALIGN (0x4)

.ARM.extab      0x0000000008003500        0x0
                0x0000000008003500                . = ALIGN (0x4)
 *(.ARM.extab* .gnu.linkonce.armextab.*)
                0x0000000008003500                . = ALIGN (0x4)

.ARM            0x0000000008003500        0x8
                0x0000000008003500                . = ALIGN (0x4)
                0x0000000008003500                __exidx_start = .
 *(.ARM.exidx*)
 .ARM.exidx     0x0000000008003500        0x8 c:/st/stm32cubeide_1.11.2/stm32cubeide/plugins/com.st.stm32cube.ide.mcu.externaltools.gnu-tools-for-stm32.10.3-2021.10.win32_1.0.100.202210260954/tools/bin/../lib/gcc/arm-none-eabi/10.3.1/thumb/v7e-m+fp/hard\libgcc.a(_udivmoddi4.o)
                0x0000000008003508                __exidx_end = .
                0x0000000008003508                . = ALIGN (0x4)

.rel.dyn        0x0000000008003508        0x0
 .rel.iplt      0x0000000008003508        0x0 c:/st/stm32cubeide_1.11.2/stm32cubeide/plugins/com.st.stm32cube.ide.mcu.externaltools.gnu-tools-for-stm32.10.3-2021.10.win32_1.0.100.202210260954/tools/bin/../lib/gcc/arm-none-eabi/10.3.1/thumb/v7e-m+fp/hard/crtbegin.o

.preinit_array  0x0000000008003508        0x0
                0x0000000008003508                . = ALIGN (0x4)
                0x0000000008003508                PROVIDE (__preinit_array_start = .)
 *(.preinit_array*)
                0x0000000008003508                PROVIDE (__preinit_array_end = .)
                0x0000000008003508                . = ALIGN (0x4)

.init_array     0x0000000008003508        0x4
                0x0000000008003508                . = ALIGN (0x4)
                0x0000000008003508                PROVIDE (__init_array_start = .)
 *(SORT_BY_NAME(.init_array.*))
 *(.init_array*)
 .init_array    0x0000000008003508        0x4 c:/st/stm32cubeide_1.11.2/stm32cubeide/plugins/com.st.stm32cube.ide.mcu.externaltools.gnu-tools-for-stm32.10.3-2021.10.win32_1.0.100.202210260954/tools/bin/../lib/gcc/arm-none-eabi/10.3.1/thumb/v7e-m+fp/hard/crtbegin.o
                0x000000000800350c                PROVIDE (__init_array_end = .)
                0x000000000800350c                . = ALIGN (0x4)

.fini_array     0x000000000800350c        0x4
                0x000000000800350c                . = ALIGN (0x4)
                [!provide]                        PROVIDE (__fini_array_start = .)
 *(SORT_BY_NAME(.fini_array.*))
 *(.fini_array*)
 .fini_array    0x000000000800350c        0x4 c:/st/stm32cubeide_1.11.2/stm32cubeide/plugins/com.st.stm32cube.ide.mcu.externaltools.gnu-tools-for-stm32.10.3-2021.10.win32_1.0.100.202210260954/tools/bin/../lib/gcc/arm-none-eabi/10.3.1/thumb/v7e-m+fp/hard/crtbegin.o
                [!provide]                        PROVIDE (__fini_array_end = .)
                0x0000000008003510                . = ALIGN (0x4)
                0x0000000008003510                _sidata = LOADADDR (.data)

.data           0x0000000020000000       0x10 load address 0x0000000008003510
                0x0000000020000000                . = ALIGN (0x4)
                0x0000000020000000                _sdata = .
 *(.data)
 *(.data*)
 .data.sdramstatus.3
                0x0000000020000000        0x1 ./Core/Src/stm32469i_discovery_sdram.o
 *fill*         0x0000000020000001        0x3 
 .data.SystemCoreClock
                0x0000000020000004        0x4 ./Core/Src/system_stm32f4xx.o
                0x0000000020000004                SystemCoreClock
 .data.uwTickPrio
                0x0000000020000008        0x4 ./Drivers/STM32F4xx_HAL_Driver/Src/stm32f4xx_hal.o
                0x0000000020000008                uwTickPrio
 .data.uwTickFreq
                0x000000002000000c        0x1 ./Drivers/STM32F4xx_HAL_Driver/Src/stm32f4xx_hal.o
                0x000000002000000c                uwTickFreq
 *(.RamFunc)
 *(.RamFunc*)
                0x0000000020000010                . = ALIGN (0x4)
 *fill*         0x000000002000000d        0x3 
                0x0000000020000010                _edata = .
                0x0000000008003520                _siccmram = LOADADDR (.ccmram)

.igot.plt       0x0000000020000010        0x0 load address 0x0000000008003520
 .igot.plt      0x0000000020000010        0x0 c:/st/stm32cubeide_1.11.2/stm32cubeide/plugins/com.st.stm32cube.ide.mcu.externaltools.gnu-tools-for-stm32.10.3-2021.10.win32_1.0.100.202210260954/tools/bin/../lib/gcc/arm-none-eabi/10.3.1/thumb/v7e-m+fp/hard/crtbegin.o

.ccmram         0x0000000010000000        0x0 load address 0x0000000008003520
                0x0000000010000000                . = ALIGN (0x4)
                0x0000000010000000                _sccmram = .
 *(.ccmram)
 *(.ccmram*)
                0x0000000010000000                . = ALIGN (0x4)
                0x0000000010000000                _eccmram = .
                0x0000000010000000                . = ALIGN (0x4)

.bss            0x0000000020000010      0x1b0
                0x0000000020000010                _sbss = .
                0x0000000020000010                __bss_start__ = _sbss
 *(.bss)
 .bss           0x0000000020000010       0x1c c:/st/stm32cubeide_1.11.2/stm32cubeide/plugins/com.st.stm32cube.ide.mcu.externaltools.gnu-tools-for-stm32.10.3-2021.10.win32_1.0.100.202210260954/tools/bin/../lib/gcc/arm-none-eabi/10.3.1/thumb/v7e-m+fp/hard/crtbegin.o
 *(.bss*)
 .bss.hcrc      0x000000002000002c        0x8 ./Core/Src/crc.o
                0x000000002000002c                hcrc
 .bss.hsdram1   0x0000000020000034       0x34 ./Core/Src/fmc.o
                0x0000000020000034                hsdram1
 .bss.FMC_Initialized
                0x0000000020000068        0x4 ./Core/Src/fmc.o
 .bss.sdramHandle
                0x000000002000006c       0x34 ./Core/Src/stm32469i_discovery_sdram.o
 .bss.Timing    0x00000000200000a0       0x1c ./Core/Src/stm32469i_discovery_sdram.o
 .bss.Command   0x00000000200000bc       0x10 ./Core/Src/stm32469i_discovery_sdram.o
 .bss.dma_handle.1
                0x00000000200000cc       0x60 ./Core/Src/stm32469i_discovery_sdram.o
 .bss.htim6     0x000000002000012c       0x48 ./Core/Src/stm32f4xx_hal_timebase_tim.o
                0x000000002000012c                htim6
 .bss.htim1     0x0000000020000174       0x48 ./Core/Src/tim.o
                0x0000000020000174                htim1
 .bss.uwTick    0x00000000200001bc        0x4 ./Drivers/STM32F4xx_HAL_Driver/Src/stm32f4xx_hal.o
                0x00000000200001bc                uwTick
 *(COMMON)
                0x00000000200001c0                . = ALIGN (0x4)
                0x00000000200001c0                _ebss = .
                0x00000000200001c0                __bss_end__ = _ebss

._user_heap_stack
                0x00000000200001c0      0x600
                0x00000000200001c0                . = ALIGN (0x8)
                [!provide]                        PROVIDE (end = .)
                0x00000000200001c0                PROVIDE (_end = .)
                0x00000000200003c0                . = (. + _Min_Heap_Size)
 *fill*         0x00000000200001c0      0x200 
                0x00000000200007c0                . = (. + _Min_Stack_Size)
 *fill*         0x00000000200003c0      0x400 
                0x00000000200007c0                . = ALIGN (0x8)

/DISCARD/
 libc.a(*)
 libm.a(*)
 libgcc.a(*)

.ARM.attributes
                0x0000000000000000       0x30
 *(.ARM.attributes)
 .ARM.attributes
                0x0000000000000000       0x1e c:/st/stm32cubeide_1.11.2/stm32cubeide/plugins/com.st.stm32cube.ide.mcu.externaltools.gnu-tools-for-stm32.10.3-2021.10.win32_1.0.100.202210260954/tools/bin/../lib/gcc/arm-none-eabi/10.3.1/thumb/v7e-m+fp/hard/crti.o
 .ARM.attributes
                0x000000000000001e       0x34 c:/st/stm32cubeide_1.11.2/stm32cubeide/plugins/com.st.stm32cube.ide.mcu.externaltools.gnu-tools-for-stm32.10.3-2021.10.win32_1.0.100.202210260954/tools/bin/../lib/gcc/arm-none-eabi/10.3.1/thumb/v7e-m+fp/hard/crtbegin.o
 .ARM.attributes
                0x0000000000000052       0x34 ./Core/Src/crc.o
 .ARM.attributes
                0x0000000000000086       0x34 ./Core/Src/fmc.o
 .ARM.attributes
                0x00000000000000ba       0x34 ./Core/Src/gpio.o
 .ARM.attributes
                0x00000000000000ee       0x34 ./Core/Src/main.o
 .ARM.attributes
                0x0000000000000122       0x34 ./Core/Src/stm32469i_discovery_sdram.o
 .ARM.attributes
                0x0000000000000156       0x34 ./Core/Src/stm32f4xx_hal_msp.o
 .ARM.attributes
                0x000000000000018a       0x34 ./Core/Src/stm32f4xx_hal_timebase_tim.o
 .ARM.attributes
                0x00000000000001be       0x34 ./Core/Src/stm32f4xx_it.o
 .ARM.attributes
                0x00000000000001f2       0x34 ./Core/Src/system_stm32f4xx.o
 .ARM.attributes
                0x0000000000000226       0x34 ./Core/Src/tim.o
 .ARM.attributes
                0x000000000000025a       0x21 ./Core/Startup/startup_stm32f469nihx.o
 .ARM.attributes
                0x000000000000027b       0x34 ./Drivers/STM32F4xx_HAL_Driver/Src/stm32f4xx_hal.o
 .ARM.attributes
                0x00000000000002af       0x34 ./Drivers/STM32F4xx_HAL_Driver/Src/stm32f4xx_hal_cortex.o
 .ARM.attributes
                0x00000000000002e3       0x34 ./Drivers/STM32F4xx_HAL_Driver/Src/stm32f4xx_hal_crc.o
 .ARM.attributes
                0x0000000000000317       0x34 ./Drivers/STM32F4xx_HAL_Driver/Src/stm32f4xx_hal_dma.o
 .ARM.attributes
                0x000000000000034b       0x34 ./Drivers/STM32F4xx_HAL_Driver/Src/stm32f4xx_hal_gpio.o
 .ARM.attributes
                0x000000000000037f       0x34 ./Drivers/STM32F4xx_HAL_Driver/Src/stm32f4xx_hal_pwr_ex.o
 .ARM.attributes
                0x00000000000003b3       0x34 ./Drivers/STM32F4xx_HAL_Driver/Src/stm32f4xx_hal_rcc.o
 .ARM.attributes
                0x00000000000003e7       0x34 ./Drivers/STM32F4xx_HAL_Driver/Src/stm32f4xx_hal_rcc_ex.o
 .ARM.attributes
                0x000000000000041b       0x34 ./Drivers/STM32F4xx_HAL_Driver/Src/stm32f4xx_hal_sdram.o
 .ARM.attributes
                0x000000000000044f       0x34 ./Drivers/STM32F4xx_HAL_Driver/Src/stm32f4xx_hal_tim.o
 .ARM.attributes
                0x0000000000000483       0x34 ./Drivers/STM32F4xx_HAL_Driver/Src/stm32f4xx_hal_tim_ex.o
 .ARM.attributes
                0x00000000000004b7       0x34 ./Drivers/STM32F4xx_HAL_Driver/Src/stm32f4xx_ll_fmc.o
 .ARM.attributes
                0x00000000000004eb       0x34 c:/st/stm32cubeide_1.11.2/stm32cubeide/plugins/com.st.stm32cube.ide.mcu.externaltools.gnu-tools-for-stm32.10.3-2021.10.win32_1.0.100.202210260954/tools/bin/../lib/gcc/arm-none-eabi/10.3.1/../../../../arm-none-eabi/lib/thumb/v7e-m+fp/hard\libc_nano.a(lib_a-init.o)
 .ARM.attributes
                0x000000000000051f       0x34 c:/st/stm32cubeide_1.11.2/stm32cubeide/plugins/com.st.stm32cube.ide.mcu.externaltools.gnu-tools-for-stm32.10.3-2021.10.win32_1.0.100.202210260954/tools/bin/../lib/gcc/arm-none-eabi/10.3.1/../../../../arm-none-eabi/lib/thumb/v7e-m+fp/hard\libc_nano.a(lib_a-memset.o)
 .ARM.attributes
                0x0000000000000553       0x1e c:/st/stm32cubeide_1.11.2/stm32cubeide/plugins/com.st.stm32cube.ide.mcu.externaltools.gnu-tools-for-stm32.10.3-2021.10.win32_1.0.100.202210260954/tools/bin/../lib/gcc/arm-none-eabi/10.3.1/thumb/v7e-m+fp/hard\libgcc.a(_aeabi_uldivmod.o)
 .ARM.attributes
                0x0000000000000571       0x34 c:/st/stm32cubeide_1.11.2/stm32cubeide/plugins/com.st.stm32cube.ide.mcu.externaltools.gnu-tools-for-stm32.10.3-2021.10.win32_1.0.100.202210260954/tools/bin/../lib/gcc/arm-none-eabi/10.3.1/thumb/v7e-m+fp/hard\libgcc.a(_udivmoddi4.o)
 .ARM.attributes
                0x00000000000005a5       0x1e c:/st/stm32cubeide_1.11.2/stm32cubeide/plugins/com.st.stm32cube.ide.mcu.externaltools.gnu-tools-for-stm32.10.3-2021.10.win32_1.0.100.202210260954/tools/bin/../lib/gcc/arm-none-eabi/10.3.1/thumb/v7e-m+fp/hard\libgcc.a(_dvmd_tls.o)
 .ARM.attributes
                0x00000000000005c3       0x1e c:/st/stm32cubeide_1.11.2/stm32cubeide/plugins/com.st.stm32cube.ide.mcu.externaltools.gnu-tools-for-stm32.10.3-2021.10.win32_1.0.100.202210260954/tools/bin/../lib/gcc/arm-none-eabi/10.3.1/thumb/v7e-m+fp/hard/crtn.o
OUTPUT(Test.elf elf32-littlearm)
LOAD linker stubs
LOAD c:/st/stm32cubeide_1.11.2/stm32cubeide/plugins/com.st.stm32cube.ide.mcu.externaltools.gnu-tools-for-stm32.10.3-2021.10.win32_1.0.100.202210260954/tools/bin/../lib/gcc/arm-none-eabi/10.3.1/../../../../arm-none-eabi/lib/thumb/v7e-m+fp/hard\libc.a
LOAD c:/st/stm32cubeide_1.11.2/stm32cubeide/plugins/com.st.stm32cube.ide.mcu.externaltools.gnu-tools-for-stm32.10.3-2021.10.win32_1.0.100.202210260954/tools/bin/../lib/gcc/arm-none-eabi/10.3.1/../../../../arm-none-eabi/lib/thumb/v7e-m+fp/hard\libm.a
LOAD c:/st/stm32cubeide_1.11.2/stm32cubeide/plugins/com.st.stm32cube.ide.mcu.externaltools.gnu-tools-for-stm32.10.3-2021.10.win32_1.0.100.202210260954/tools/bin/../lib/gcc/arm-none-eabi/10.3.1/thumb/v7e-m+fp/hard\libgcc.a

.debug_info     0x0000000000000000     0xf973
 .debug_info    0x0000000000000000      0x49c ./Core/Src/crc.o
 .debug_info    0x000000000000049c      0x9e2 ./Core/Src/fmc.o
 .debug_info    0x0000000000000e7e      0x572 ./Core/Src/gpio.o
 .debug_info    0x00000000000013f0      0xb5e ./Core/Src/main.o
 .debug_info    0x0000000000001f4e     0x10f0 ./Core/Src/stm32469i_discovery_sdram.o
 .debug_info    0x000000000000303e      0x2c4 ./Core/Src/stm32f4xx_hal_msp.o
 .debug_info    0x0000000000003302      0xca9 ./Core/Src/stm32f4xx_hal_timebase_tim.o
 .debug_info    0x0000000000003fab      0x72e ./Core/Src/stm32f4xx_it.o
 .debug_info    0x00000000000046d9      0x53f ./Core/Src/system_stm32f4xx.o
 .debug_info    0x0000000000004c18      0xa02 ./Core/Src/tim.o
 .debug_info    0x000000000000561a       0x22 ./Core/Startup/startup_stm32f469nihx.o
 .debug_info    0x000000000000563c      0xa00 ./Drivers/STM32F4xx_HAL_Driver/Src/stm32f4xx_hal.o
 .debug_info    0x000000000000603c      0xe5d ./Drivers/STM32F4xx_HAL_Driver/Src/stm32f4xx_hal_cortex.o
 .debug_info    0x0000000000006e99      0x3a6 ./Drivers/STM32F4xx_HAL_Driver/Src/stm32f4xx_hal_crc.o
 .debug_info    0x000000000000723f      0x94f ./Drivers/STM32F4xx_HAL_Driver/Src/stm32f4xx_hal_dma.o
 .debug_info    0x0000000000007b8e      0x786 ./Drivers/STM32F4xx_HAL_Driver/Src/stm32f4xx_hal_gpio.o
 .debug_info    0x0000000000008314      0x6e6 ./Drivers/STM32F4xx_HAL_Driver/Src/stm32f4xx_hal_pwr_ex.o
 .debug_info    0x00000000000089fa      0x98f ./Drivers/STM32F4xx_HAL_Driver/Src/stm32f4xx_hal_rcc.o
 .debug_info    0x0000000000009389      0x8a7 ./Drivers/STM32F4xx_HAL_Driver/Src/stm32f4xx_hal_rcc_ex.o
 .debug_info    0x0000000000009c30      0xf46 ./Drivers/STM32F4xx_HAL_Driver/Src/stm32f4xx_hal_sdram.o
 .debug_info    0x000000000000ab76     0x2bbe ./Drivers/STM32F4xx_HAL_Driver/Src/stm32f4xx_hal_tim.o
 .debug_info    0x000000000000d734     0x15e0 ./Drivers/STM32F4xx_HAL_Driver/Src/stm32f4xx_hal_tim_ex.o
 .debug_info    0x000000000000ed14      0xc5f ./Drivers/STM32F4xx_HAL_Driver/Src/stm32f4xx_ll_fmc.o

.debug_abbrev   0x0000000000000000     0x2a58
 .debug_abbrev  0x0000000000000000      0x18e ./Core/Src/crc.o
 .debug_abbrev  0x000000000000018e      0x234 ./Core/Src/fmc.o
 .debug_abbrev  0x00000000000003c2      0x146 ./Core/Src/gpio.o
 .debug_abbrev  0x0000000000000508      0x211 ./Core/Src/main.o
 .debug_abbrev  0x0000000000000719      0x276 ./Core/Src/stm32469i_discovery_sdram.o
 .debug_abbrev  0x000000000000098f       0xd4 ./Core/Src/stm32f4xx_hal_msp.o
 .debug_abbrev  0x0000000000000a63      0x1e6 ./Core/Src/stm32f4xx_hal_timebase_tim.o
 .debug_abbrev  0x0000000000000c49      0x171 ./Core/Src/stm32f4xx_it.o
 .debug_abbrev  0x0000000000000dba      0x116 ./Core/Src/system_stm32f4xx.o
 .debug_abbrev  0x0000000000000ed0      0x1c2 ./Core/Src/tim.o
 .debug_abbrev  0x0000000000001092       0x12 ./Core/Startup/startup_stm32f469nihx.o
 .debug_abbrev  0x00000000000010a4      0x20d ./Drivers/STM32F4xx_HAL_Driver/Src/stm32f4xx_hal.o
 .debug_abbrev  0x00000000000012b1      0x316 ./Drivers/STM32F4xx_HAL_Driver/Src/stm32f4xx_hal_cortex.o
 .debug_abbrev  0x00000000000015c7      0x19e ./Drivers/STM32F4xx_HAL_Driver/Src/stm32f4xx_hal_crc.o
 .debug_abbrev  0x0000000000001765      0x25b ./Drivers/STM32F4xx_HAL_Driver/Src/stm32f4xx_hal_dma.o
 .debug_abbrev  0x00000000000019c0      0x1c4 ./Drivers/STM32F4xx_HAL_Driver/Src/stm32f4xx_hal_gpio.o
 .debug_abbrev  0x0000000000001b84      0x1c9 ./Drivers/STM32F4xx_HAL_Driver/Src/stm32f4xx_hal_pwr_ex.o
 .debug_abbrev  0x0000000000001d4d      0x2aa ./Drivers/STM32F4xx_HAL_Driver/Src/stm32f4xx_hal_rcc.o
 .debug_abbrev  0x0000000000001ff7      0x1d9 ./Drivers/STM32F4xx_HAL_Driver/Src/stm32f4xx_hal_rcc_ex.o
 .debug_abbrev  0x00000000000021d0      0x230 ./Drivers/STM32F4xx_HAL_Driver/Src/stm32f4xx_hal_sdram.o
 .debug_abbrev  0x0000000000002400      0x25d ./Drivers/STM32F4xx_HAL_Driver/Src/stm32f4xx_hal_tim.o
 .debug_abbrev  0x000000000000265d      0x265 ./Drivers/STM32F4xx_HAL_Driver/Src/stm32f4xx_hal_tim_ex.o
 .debug_abbrev  0x00000000000028c2      0x196 ./Drivers/STM32F4xx_HAL_Driver/Src/stm32f4xx_ll_fmc.o

.debug_aranges  0x0000000000000000      0xe00
 .debug_aranges
                0x0000000000000000       0x30 ./Core/Src/crc.o
 .debug_aranges
                0x0000000000000030       0x40 ./Core/Src/fmc.o
 .debug_aranges
                0x0000000000000070       0x20 ./Core/Src/gpio.o
 .debug_aranges
                0x0000000000000090       0x38 ./Core/Src/main.o
 .debug_aranges
                0x00000000000000c8       0x70 ./Core/Src/stm32469i_discovery_sdram.o
 .debug_aranges
                0x0000000000000138       0x20 ./Core/Src/stm32f4xx_hal_msp.o
 .debug_aranges
                0x0000000000000158       0x30 ./Core/Src/stm32f4xx_hal_timebase_tim.o
 .debug_aranges
                0x0000000000000188       0x68 ./Core/Src/stm32f4xx_it.o
 .debug_aranges
                0x00000000000001f0       0x28 ./Core/Src/system_stm32f4xx.o
 .debug_aranges
                0x0000000000000218       0x30 ./Core/Src/tim.o
 .debug_aranges
                0x0000000000000248       0x28 ./Core/Startup/startup_stm32f469nihx.o
 .debug_aranges
                0x0000000000000270      0x100 ./Drivers/STM32F4xx_HAL_Driver/Src/stm32f4xx_hal.o
 .debug_aranges
                0x0000000000000370      0x118 ./Drivers/STM32F4xx_HAL_Driver/Src/stm32f4xx_hal_cortex.o
 .debug_aranges
                0x0000000000000488       0x50 ./Drivers/STM32F4xx_HAL_Driver/Src/stm32f4xx_hal_crc.o
 .debug_aranges
                0x00000000000004d8       0x90 ./Drivers/STM32F4xx_HAL_Driver/Src/stm32f4xx_hal_dma.o
 .debug_aranges
                0x0000000000000568       0x58 ./Drivers/STM32F4xx_HAL_Driver/Src/stm32f4xx_hal_gpio.o
 .debug_aranges
                0x00000000000005c0       0x60 ./Drivers/STM32F4xx_HAL_Driver/Src/stm32f4xx_hal_pwr_ex.o
 .debug_aranges
                0x0000000000000620       0x88 ./Drivers/STM32F4xx_HAL_Driver/Src/stm32f4xx_hal_rcc.o
 .debug_aranges
                0x00000000000006a8       0x70 ./Drivers/STM32F4xx_HAL_Driver/Src/stm32f4xx_hal_rcc_ex.o
 .debug_aranges
                0x0000000000000718       0xe8 ./Drivers/STM32F4xx_HAL_Driver/Src/stm32f4xx_hal_sdram.o
 .debug_aranges
                0x0000000000000800      0x3d0 ./Drivers/STM32F4xx_HAL_Driver/Src/stm32f4xx_hal_tim.o
 .debug_aranges
                0x0000000000000bd0      0x168 ./Drivers/STM32F4xx_HAL_Driver/Src/stm32f4xx_hal_tim_ex.o
 .debug_aranges
                0x0000000000000d38       0xc8 ./Drivers/STM32F4xx_HAL_Driver/Src/stm32f4xx_ll_fmc.o

.debug_ranges   0x0000000000000000      0xc98
 .debug_ranges  0x0000000000000000       0x20 ./Core/Src/crc.o
 .debug_ranges  0x0000000000000020       0x30 ./Core/Src/fmc.o
 .debug_ranges  0x0000000000000050       0x10 ./Core/Src/gpio.o
 .debug_ranges  0x0000000000000060       0x28 ./Core/Src/main.o
 .debug_ranges  0x0000000000000088       0x60 ./Core/Src/stm32469i_discovery_sdram.o
 .debug_ranges  0x00000000000000e8       0x10 ./Core/Src/stm32f4xx_hal_msp.o
 .debug_ranges  0x00000000000000f8       0x20 ./Core/Src/stm32f4xx_hal_timebase_tim.o
 .debug_ranges  0x0000000000000118       0x58 ./Core/Src/stm32f4xx_it.o
 .debug_ranges  0x0000000000000170       0x18 ./Core/Src/system_stm32f4xx.o
 .debug_ranges  0x0000000000000188       0x20 ./Core/Src/tim.o
 .debug_ranges  0x00000000000001a8       0x20 ./Core/Startup/startup_stm32f469nihx.o
 .debug_ranges  0x00000000000001c8       0xf0 ./Drivers/STM32F4xx_HAL_Driver/Src/stm32f4xx_hal.o
 .debug_ranges  0x00000000000002b8      0x108 ./Drivers/STM32F4xx_HAL_Driver/Src/stm32f4xx_hal_cortex.o
 .debug_ranges  0x00000000000003c0       0x40 ./Drivers/STM32F4xx_HAL_Driver/Src/stm32f4xx_hal_crc.o
 .debug_ranges  0x0000000000000400       0x80 ./Drivers/STM32F4xx_HAL_Driver/Src/stm32f4xx_hal_dma.o
 .debug_ranges  0x0000000000000480       0x48 ./Drivers/STM32F4xx_HAL_Driver/Src/stm32f4xx_hal_gpio.o
 .debug_ranges  0x00000000000004c8       0x50 ./Drivers/STM32F4xx_HAL_Driver/Src/stm32f4xx_hal_pwr_ex.o
 .debug_ranges  0x0000000000000518       0x78 ./Drivers/STM32F4xx_HAL_Driver/Src/stm32f4xx_hal_rcc.o
 .debug_ranges  0x0000000000000590       0x60 ./Drivers/STM32F4xx_HAL_Driver/Src/stm32f4xx_hal_rcc_ex.o
 .debug_ranges  0x00000000000005f0       0xd8 ./Drivers/STM32F4xx_HAL_Driver/Src/stm32f4xx_hal_sdram.o
 .debug_ranges  0x00000000000006c8      0x3c0 ./Drivers/STM32F4xx_HAL_Driver/Src/stm32f4xx_hal_tim.o
 .debug_ranges  0x0000000000000a88      0x158 ./Drivers/STM32F4xx_HAL_Driver/Src/stm32f4xx_hal_tim_ex.o
 .debug_ranges  0x0000000000000be0       0xb8 ./Drivers/STM32F4xx_HAL_Driver/Src/stm32f4xx_ll_fmc.o

.debug_macro    0x0000000000000000    0x2a3e8
 .debug_macro   0x0000000000000000      0x20c ./Core/Src/crc.o
 .debug_macro   0x000000000000020c      0xa78 ./Core/Src/crc.o
 .debug_macro   0x0000000000000c84      0x2a7 ./Core/Src/crc.o
 .debug_macro   0x0000000000000f2b       0x2e ./Core/Src/crc.o
 .debug_macro   0x0000000000000f59       0x28 ./Core/Src/crc.o
 .debug_macro   0x0000000000000f81       0x22 ./Core/Src/crc.o
 .debug_macro   0x0000000000000fa3       0x8e ./Core/Src/crc.o
 .debug_macro   0x0000000000001031       0x51 ./Core/Src/crc.o
 .debug_macro   0x0000000000001082      0x103 ./Core/Src/crc.o
 .debug_macro   0x0000000000001185       0x6a ./Core/Src/crc.o
 .debug_macro   0x00000000000011ef      0x1df ./Core/Src/crc.o
 .debug_macro   0x00000000000013ce       0x1c ./Core/Src/crc.o
 .debug_macro   0x00000000000013ea       0x22 ./Core/Src/crc.o
 .debug_macro   0x000000000000140c       0xd9 ./Core/Src/crc.o
 .debug_macro   0x00000000000014e5     0x102d ./Core/Src/crc.o
 .debug_macro   0x0000000000002512      0x11f ./Core/Src/crc.o
 .debug_macro   0x0000000000002631    0x1d755 ./Core/Src/crc.o
 .debug_macro   0x000000000001fd86       0x6d ./Core/Src/crc.o
 .debug_macro   0x000000000001fdf3     0x36f5 ./Core/Src/crc.o
 .debug_macro   0x00000000000234e8      0x174 ./Core/Src/crc.o
 .debug_macro   0x000000000002365c       0x5c ./Core/Src/crc.o
 .debug_macro   0x00000000000236b8      0xdcb ./Core/Src/crc.o
 .debug_macro   0x0000000000024483      0x9fe ./Core/Src/crc.o
 .debug_macro   0x0000000000024e81      0x115 ./Core/Src/crc.o
 .debug_macro   0x0000000000024f96      0x192 ./Core/Src/crc.o
 .debug_macro   0x0000000000025128       0xa5 ./Core/Src/crc.o
 .debug_macro   0x00000000000251cd      0x182 ./Core/Src/crc.o
 .debug_macro   0x000000000002534f      0x287 ./Core/Src/crc.o
 .debug_macro   0x00000000000255d6       0x5f ./Core/Src/crc.o
 .debug_macro   0x0000000000025635      0x236 ./Core/Src/crc.o
 .debug_macro   0x000000000002586b       0x22 ./Core/Src/crc.o
 .debug_macro   0x000000000002588d      0x132 ./Core/Src/crc.o
 .debug_macro   0x00000000000259bf      0x41d ./Core/Src/crc.o
 .debug_macro   0x0000000000025ddc       0x2e ./Core/Src/crc.o
 .debug_macro   0x0000000000025e0a      0x51d ./Core/Src/crc.o
 .debug_macro   0x0000000000026327      0x11a ./Core/Src/crc.o
 .debug_macro   0x0000000000026441       0xe2 ./Core/Src/crc.o
 .debug_macro   0x0000000000026523       0x89 ./Core/Src/crc.o
 .debug_macro   0x00000000000265ac      0x8e6 ./Core/Src/crc.o
 .debug_macro   0x0000000000026e92       0x47 ./Core/Src/crc.o
 .debug_macro   0x0000000000026ed9      0x2d4 ./Core/Src/crc.o
 .debug_macro   0x00000000000271ad      0x134 ./Core/Src/crc.o
 .debug_macro   0x00000000000272e1      0x539 ./Core/Src/crc.o
 .debug_macro   0x000000000002781a      0x20c ./Core/Src/fmc.o
 .debug_macro   0x0000000000027a26      0x20c ./Core/Src/gpio.o
 .debug_macro   0x0000000000027c32      0x241 ./Core/Src/main.o
 .debug_macro   0x0000000000027e73       0xa0 ./Core/Src/main.o
 .debug_macro   0x0000000000027f13      0x202 ./Core/Src/stm32469i_discovery_sdram.o
 .debug_macro   0x0000000000028115       0x9a ./Core/Src/stm32469i_discovery_sdram.o
 .debug_macro   0x00000000000281af      0x202 ./Core/Src/stm32f4xx_hal_msp.o
 .debug_macro   0x00000000000283b1      0x1f3 ./Core/Src/stm32f4xx_hal_timebase_tim.o
 .debug_macro   0x00000000000285a4      0x20c ./Core/Src/stm32f4xx_it.o
 .debug_macro   0x00000000000287b0      0x1f3 ./Core/Src/system_stm32f4xx.o
 .debug_macro   0x00000000000289a3      0x20c ./Core/Src/tim.o
 .debug_macro   0x0000000000028baf      0x253 ./Drivers/STM32F4xx_HAL_Driver/Src/stm32f4xx_hal.o
 .debug_macro   0x0000000000028e02      0x1f3 ./Drivers/STM32F4xx_HAL_Driver/Src/stm32f4xx_hal_cortex.o
 .debug_macro   0x0000000000028ff5      0x1f3 ./Drivers/STM32F4xx_HAL_Driver/Src/stm32f4xx_hal_crc.o
 .debug_macro   0x00000000000291e8      0x1f9 ./Drivers/STM32F4xx_HAL_Driver/Src/stm32f4xx_hal_dma.o
 .debug_macro   0x00000000000293e1      0x1f9 ./Drivers/STM32F4xx_HAL_Driver/Src/stm32f4xx_hal_gpio.o
 .debug_macro   0x00000000000295da      0x20b ./Drivers/STM32F4xx_HAL_Driver/Src/stm32f4xx_hal_pwr_ex.o
 .debug_macro   0x00000000000297e5      0x217 ./Drivers/STM32F4xx_HAL_Driver/Src/stm32f4xx_hal_rcc.o
 .debug_macro   0x00000000000299fc      0x1f3 ./Drivers/STM32F4xx_HAL_Driver/Src/stm32f4xx_hal_rcc_ex.o
 .debug_macro   0x0000000000029bef      0x1f3 ./Drivers/STM32F4xx_HAL_Driver/Src/stm32f4xx_hal_sdram.o
 .debug_macro   0x0000000000029de2      0x1f4 ./Drivers/STM32F4xx_HAL_Driver/Src/stm32f4xx_hal_tim.o
 .debug_macro   0x0000000000029fd6      0x1f3 ./Drivers/STM32F4xx_HAL_Driver/Src/stm32f4xx_hal_tim_ex.o
 .debug_macro   0x000000000002a1c9      0x21f ./Drivers/STM32F4xx_HAL_Driver/Src/stm32f4xx_ll_fmc.o

.debug_line     0x0000000000000000    0x118e7
 .debug_line    0x0000000000000000      0x745 ./Core/Src/crc.o
 .debug_line    0x0000000000000745      0x844 ./Core/Src/fmc.o
 .debug_line    0x0000000000000f89      0x86d ./Core/Src/gpio.o
 .debug_line    0x00000000000017f6      0x7f8 ./Core/Src/main.o
 .debug_line    0x0000000000001fee      0x8f3 ./Core/Src/stm32469i_discovery_sdram.o
 .debug_line    0x00000000000028e1      0x709 ./Core/Src/stm32f4xx_hal_msp.o
 .debug_line    0x0000000000002fea      0x783 ./Core/Src/stm32f4xx_hal_timebase_tim.o
 .debug_line    0x000000000000376d      0x7df ./Core/Src/stm32f4xx_it.o
 .debug_line    0x0000000000003f4c      0x78b ./Core/Src/system_stm32f4xx.o
 .debug_line    0x00000000000046d7      0x775 ./Core/Src/tim.o
 .debug_line    0x0000000000004e4c       0x88 ./Core/Startup/startup_stm32f469nihx.o
 .debug_line    0x0000000000004ed4      0xa27 ./Drivers/STM32F4xx_HAL_Driver/Src/stm32f4xx_hal.o
 .debug_line    0x00000000000058fb      0xca0 ./Drivers/STM32F4xx_HAL_Driver/Src/stm32f4xx_hal_cortex.o
 .debug_line    0x000000000000659b      0x850 ./Drivers/STM32F4xx_HAL_Driver/Src/stm32f4xx_hal_crc.o
 .debug_line    0x0000000000006deb      0xf55 ./Drivers/STM32F4xx_HAL_Driver/Src/stm32f4xx_hal_dma.o
 .debug_line    0x0000000000007d40      0xb8d ./Drivers/STM32F4xx_HAL_Driver/Src/stm32f4xx_hal_gpio.o
 .debug_line    0x00000000000088cd      0x920 ./Drivers/STM32F4xx_HAL_Driver/Src/stm32f4xx_hal_pwr_ex.o
 .debug_line    0x00000000000091ed      0xd79 ./Drivers/STM32F4xx_HAL_Driver/Src/stm32f4xx_hal_rcc.o
 .debug_line    0x0000000000009f66      0xfff ./Drivers/STM32F4xx_HAL_Driver/Src/stm32f4xx_hal_rcc_ex.o
 .debug_line    0x000000000000af65      0xdf1 ./Drivers/STM32F4xx_HAL_Driver/Src/stm32f4xx_hal_sdram.o
 .debug_line    0x000000000000bd56     0x36e5 ./Drivers/STM32F4xx_HAL_Driver/Src/stm32f4xx_hal_tim.o
 .debug_line    0x000000000000f43b     0x19ee ./Drivers/STM32F4xx_HAL_Driver/Src/stm32f4xx_hal_tim_ex.o
 .debug_line    0x0000000000010e29      0xabe ./Drivers/STM32F4xx_HAL_Driver/Src/stm32f4xx_ll_fmc.o

.debug_str      0x0000000000000000    0xf7aaa
 .debug_str     0x0000000000000000    0xf3039 ./Core/Src/crc.o
                                      0xf32e0 (size before relaxing)
 .debug_str     0x00000000000f3039      0x503 ./Core/Src/fmc.o
                                      0xf3748 (size before relaxing)
 .debug_str     0x00000000000f353c       0x68 ./Core/Src/gpio.o
                                      0xf3242 (size before relaxing)
 .debug_str     0x00000000000f35a4      0x8a5 ./Core/Src/main.o
                                      0xf3d5e (size before relaxing)
 .debug_str     0x00000000000f3e49      0x816 ./Core/Src/stm32469i_discovery_sdram.o
                                      0xf3187 (size before relaxing)
 .debug_str     0x00000000000f465f       0x2c ./Core/Src/stm32f4xx_hal_msp.o
                                      0xf3165 (size before relaxing)
 .debug_str     0x00000000000f468b      0x107 ./Core/Src/stm32f4xx_hal_timebase_tim.o
                                      0xf2bd6 (size before relaxing)
 .debug_str     0x00000000000f4792       0xe4 ./Core/Src/stm32f4xx_it.o
                                      0xf362e (size before relaxing)
 .debug_str     0x00000000000f4876       0xdb ./Core/Src/system_stm32f4xx.o
                                      0xf2065 (size before relaxing)
 .debug_str     0x00000000000f4951      0x130 ./Core/Src/tim.o
                                      0xf3806 (size before relaxing)
 .debug_str     0x00000000000f4a81       0x36 ./Core/Startup/startup_stm32f469nihx.o
                                         0x6e (size before relaxing)
 .debug_str     0x00000000000f4ab7      0x604 ./Drivers/STM32F4xx_HAL_Driver/Src/stm32f4xx_hal.o
                                      0xf2c9e (size before relaxing)
 .debug_str     0x00000000000f50bb      0x326 ./Drivers/STM32F4xx_HAL_Driver/Src/stm32f4xx_hal_cortex.o
                                      0xf2983 (size before relaxing)
 .debug_str     0x00000000000f53e1       0x9d ./Drivers/STM32F4xx_HAL_Driver/Src/stm32f4xx_hal_crc.o
                                      0xf2080 (size before relaxing)
 .debug_str     0x00000000000f547e      0x2fc ./Drivers/STM32F4xx_HAL_Driver/Src/stm32f4xx_hal_dma.o
                                      0xf246c (size before relaxing)
 .debug_str     0x00000000000f577a      0x11c ./Drivers/STM32F4xx_HAL_Driver/Src/stm32f4xx_hal_gpio.o
                                      0xf21e0 (size before relaxing)
 .debug_str     0x00000000000f5896      0x135 ./Drivers/STM32F4xx_HAL_Driver/Src/stm32f4xx_hal_pwr_ex.o
                                      0xf223d (size before relaxing)
 .debug_str     0x00000000000f59cb      0x1fd ./Drivers/STM32F4xx_HAL_Driver/Src/stm32f4xx_hal_rcc.o
                                      0xf249e (size before relaxing)
 .debug_str     0x00000000000f5bc8      0x24f ./Drivers/STM32F4xx_HAL_Driver/Src/stm32f4xx_hal_rcc_ex.o
                                      0xf23ba (size before relaxing)
 .debug_str     0x00000000000f5e17      0x2f6 ./Drivers/STM32F4xx_HAL_Driver/Src/stm32f4xx_hal_sdram.o
                                      0xf2785 (size before relaxing)
 .debug_str     0x00000000000f610d      0xd9d ./Drivers/STM32F4xx_HAL_Driver/Src/stm32f4xx_hal_tim.o
                                      0xf33cc (size before relaxing)
 .debug_str     0x00000000000f6eaa      0x493 ./Drivers/STM32F4xx_HAL_Driver/Src/stm32f4xx_hal_tim_ex.o
                                      0xf2be8 (size before relaxing)
 .debug_str     0x00000000000f733d      0x76d ./Drivers/STM32F4xx_HAL_Driver/Src/stm32f4xx_ll_fmc.o
                                      0xf2951 (size before relaxing)

.comment        0x0000000000000000       0x50
 .comment       0x0000000000000000       0x50 ./Core/Src/crc.o
                                         0x51 (size before relaxing)
 .comment       0x0000000000000050       0x51 ./Core/Src/fmc.o
 .comment       0x0000000000000050       0x51 ./Core/Src/gpio.o
 .comment       0x0000000000000050       0x51 ./Core/Src/main.o
 .comment       0x0000000000000050       0x51 ./Core/Src/stm32469i_discovery_sdram.o
 .comment       0x0000000000000050       0x51 ./Core/Src/stm32f4xx_hal_msp.o
 .comment       0x0000000000000050       0x51 ./Core/Src/stm32f4xx_hal_timebase_tim.o
 .comment       0x0000000000000050       0x51 ./Core/Src/stm32f4xx_it.o
 .comment       0x0000000000000050       0x51 ./Core/Src/system_stm32f4xx.o
 .comment       0x0000000000000050       0x51 ./Core/Src/tim.o
 .comment       0x0000000000000050       0x51 ./Drivers/STM32F4xx_HAL_Driver/Src/stm32f4xx_hal.o
 .comment       0x0000000000000050       0x51 ./Drivers/STM32F4xx_HAL_Driver/Src/stm32f4xx_hal_cortex.o
 .comment       0x0000000000000050       0x51 ./Drivers/STM32F4xx_HAL_Driver/Src/stm32f4xx_hal_crc.o
 .comment       0x0000000000000050       0x51 ./Drivers/STM32F4xx_HAL_Driver/Src/stm32f4xx_hal_dma.o
 .comment       0x0000000000000050       0x51 ./Drivers/STM32F4xx_HAL_Driver/Src/stm32f4xx_hal_gpio.o
 .comment       0x0000000000000050       0x51 ./Drivers/STM32F4xx_HAL_Driver/Src/stm32f4xx_hal_pwr_ex.o
 .comment       0x0000000000000050       0x51 ./Drivers/STM32F4xx_HAL_Driver/Src/stm32f4xx_hal_rcc.o
 .comment       0x0000000000000050       0x51 ./Drivers/STM32F4xx_HAL_Driver/Src/stm32f4xx_hal_rcc_ex.o
 .comment       0x0000000000000050       0x51 ./Drivers/STM32F4xx_HAL_Driver/Src/stm32f4xx_hal_sdram.o
 .comment       0x0000000000000050       0x51 ./Drivers/STM32F4xx_HAL_Driver/Src/stm32f4xx_hal_tim.o
 .comment       0x0000000000000050       0x51 ./Drivers/STM32F4xx_HAL_Driver/Src/stm32f4xx_hal_tim_ex.o
 .comment       0x0000000000000050       0x51 ./Drivers/STM32F4xx_HAL_Driver/Src/stm32f4xx_ll_fmc.o

.debug_frame    0x0000000000000000     0x3834
 .debug_frame   0x0000000000000000       0x7c ./Core/Src/crc.o
 .debug_frame   0x000000000000007c       0xbc ./Core/Src/fmc.o
 .debug_frame   0x0000000000000138       0x38 ./Core/Src/gpio.o
 .debug_frame   0x0000000000000170       0x8c ./Core/Src/main.o
 .debug_frame   0x00000000000001fc      0x188 ./Core/Src/stm32469i_discovery_sdram.o
 .debug_frame   0x0000000000000384       0x38 ./Core/Src/stm32f4xx_hal_msp.o
 .debug_frame   0x00000000000003bc       0x74 ./Core/Src/stm32f4xx_hal_timebase_tim.o
 .debug_frame   0x0000000000000430      0x124 ./Core/Src/stm32f4xx_it.o
 .debug_frame   0x0000000000000554       0x58 ./Core/Src/system_stm32f4xx.o
 .debug_frame   0x00000000000005ac       0x84 ./Core/Src/tim.o
 .debug_frame   0x0000000000000630      0x3b4 ./Drivers/STM32F4xx_HAL_Driver/Src/stm32f4xx_hal.o
 .debug_frame   0x00000000000009e4      0x498 ./Drivers/STM32F4xx_HAL_Driver/Src/stm32f4xx_hal_cortex.o
 .debug_frame   0x0000000000000e7c      0x120 ./Drivers/STM32F4xx_HAL_Driver/Src/stm32f4xx_hal_crc.o
 .debug_frame   0x0000000000000f9c      0x250 ./Drivers/STM32F4xx_HAL_Driver/Src/stm32f4xx_hal_dma.o
 .debug_frame   0x00000000000011ec      0x14c ./Drivers/STM32F4xx_HAL_Driver/Src/stm32f4xx_hal_gpio.o
 .debug_frame   0x0000000000001338      0x14c ./Drivers/STM32F4xx_HAL_Driver/Src/stm32f4xx_hal_pwr_ex.o
 .debug_frame   0x0000000000001484      0x1f4 ./Drivers/STM32F4xx_HAL_Driver/Src/stm32f4xx_hal_rcc.o
 .debug_frame   0x0000000000001678      0x1b4 ./Drivers/STM32F4xx_HAL_Driver/Src/stm32f4xx_hal_rcc_ex.o
 .debug_frame   0x000000000000182c      0x3e8 ./Drivers/STM32F4xx_HAL_Driver/Src/stm32f4xx_hal_sdram.o
 .debug_frame   0x0000000000001c14     0x11c4 ./Drivers/STM32F4xx_HAL_Driver/Src/stm32f4xx_hal_tim.o
 .debug_frame   0x0000000000002dd8      0x638 ./Drivers/STM32F4xx_HAL_Driver/Src/stm32f4xx_hal_tim_ex.o
 .debug_frame   0x0000000000003410      0x378 ./Drivers/STM32F4xx_HAL_Driver/Src/stm32f4xx_ll_fmc.o
 .debug_frame   0x0000000000003788       0x2c c:/st/stm32cubeide_1.11.2/stm32cubeide/plugins/com.st.stm32cube.ide.mcu.externaltools.gnu-tools-for-stm32.10.3-2021.10.win32_1.0.100.202210260954/tools/bin/../lib/gcc/arm-none-eabi/10.3.1/../../../../arm-none-eabi/lib/thumb/v7e-m+fp/hard\libc_nano.a(lib_a-init.o)
 .debug_frame   0x00000000000037b4       0x20 c:/st/stm32cubeide_1.11.2/stm32cubeide/plugins/com.st.stm32cube.ide.mcu.externaltools.gnu-tools-for-stm32.10.3-2021.10.win32_1.0.100.202210260954/tools/bin/../lib/gcc/arm-none-eabi/10.3.1/../../../../arm-none-eabi/lib/thumb/v7e-m+fp/hard\libc_nano.a(lib_a-memset.o)
 .debug_frame   0x00000000000037d4       0x2c c:/st/stm32cubeide_1.11.2/stm32cubeide/plugins/com.st.stm32cube.ide.mcu.externaltools.gnu-tools-for-stm32.10.3-2021.10.win32_1.0.100.202210260954/tools/bin/../lib/gcc/arm-none-eabi/10.3.1/thumb/v7e-m+fp/hard\libgcc.a(_aeabi_uldivmod.o)
 .debug_frame   0x0000000000003800       0x34 c:/st/stm32cubeide_1.11.2/stm32cubeide/plugins/com.st.stm32cube.ide.mcu.externaltools.gnu-tools-for-stm32.10.3-2021.10.win32_1.0.100.202210260954/tools/bin/../lib/gcc/arm-none-eabi/10.3.1/thumb/v7e-m+fp/hard\libgcc.a(_udivmoddi4.o)
