Archive member included to satisfy reference by file (symbol)

c:/progra~2/armgnu~1/bin/../lib/gcc/arm-none-eabi/12.2.1/thumb/v7e-m/nofp\libgcc.a(_aeabi_uldivmod.o)
                              CMakeFiles/Test.elf.dir/Drivers/STM32F4xx_HAL_Driver/Src/stm32f4xx_hal_rcc.c.obj (__aeabi_uldivmod)
c:/progra~2/armgnu~1/bin/../lib/gcc/arm-none-eabi/12.2.1/thumb/v7e-m/nofp\libgcc.a(_udivmoddi4.o)
                              c:/progra~2/armgnu~1/bin/../lib/gcc/arm-none-eabi/12.2.1/thumb/v7e-m/nofp\libgcc.a(_aeabi_uldivmod.o) (__udivmoddi4)
c:/progra~2/armgnu~1/bin/../lib/gcc/arm-none-eabi/12.2.1/thumb/v7e-m/nofp\libgcc.a(_dvmd_tls.o)
                              c:/progra~2/armgnu~1/bin/../lib/gcc/arm-none-eabi/12.2.1/thumb/v7e-m/nofp\libgcc.a(_aeabi_uldivmod.o) (__aeabi_ldiv0)
c:/progra~2/armgnu~1/bin/../lib/gcc/arm-none-eabi/12.2.1/thumb/v7e-m/nofp\libg.a(libc_a-exit.o)
                              c:/progra~2/armgnu~1/bin/../lib/gcc/arm-none-eabi/12.2.1/thumb/v7e-m/nofp/crt0.o (exit)
c:/progra~2/armgnu~1/bin/../lib/gcc/arm-none-eabi/12.2.1/thumb/v7e-m/nofp\libg.a(libc_a-findfp.o)
                              c:/progra~2/armgnu~1/bin/../lib/gcc/arm-none-eabi/12.2.1/thumb/v7e-m/nofp\libg.a(libc_a-exit.o) (__stdio_exit_handler)
c:/progra~2/armgnu~1/bin/../lib/gcc/arm-none-eabi/12.2.1/thumb/v7e-m/nofp\libg.a(libc_a-fwalk.o)
                              c:/progra~2/armgnu~1/bin/../lib/gcc/arm-none-eabi/12.2.1/thumb/v7e-m/nofp\libg.a(libc_a-findfp.o) (_fwalk_sglue)
c:/progra~2/armgnu~1/bin/../lib/gcc/arm-none-eabi/12.2.1/thumb/v7e-m/nofp\libg.a(libc_a-stdio.o)
                              c:/progra~2/armgnu~1/bin/../lib/gcc/arm-none-eabi/12.2.1/thumb/v7e-m/nofp\libg.a(libc_a-findfp.o) (__sread)
c:/progra~2/armgnu~1/bin/../lib/gcc/arm-none-eabi/12.2.1/thumb/v7e-m/nofp\libg.a(libc_a-memset.o)
                              c:/progra~2/armgnu~1/bin/../lib/gcc/arm-none-eabi/12.2.1/thumb/v7e-m/nofp/crt0.o (memset)
c:/progra~2/armgnu~1/bin/../lib/gcc/arm-none-eabi/12.2.1/thumb/v7e-m/nofp\libg.a(libc_a-closer.o)
                              c:/progra~2/armgnu~1/bin/../lib/gcc/arm-none-eabi/12.2.1/thumb/v7e-m/nofp\libg.a(libc_a-stdio.o) (_close_r)
c:/progra~2/armgnu~1/bin/../lib/gcc/arm-none-eabi/12.2.1/thumb/v7e-m/nofp\libg.a(libc_a-reent.o)
                              c:/progra~2/armgnu~1/bin/../lib/gcc/arm-none-eabi/12.2.1/thumb/v7e-m/nofp\libg.a(libc_a-closer.o) (errno)
c:/progra~2/armgnu~1/bin/../lib/gcc/arm-none-eabi/12.2.1/thumb/v7e-m/nofp\libg.a(libc_a-impure.o)
                              c:/progra~2/armgnu~1/bin/../lib/gcc/arm-none-eabi/12.2.1/thumb/v7e-m/nofp\libg.a(libc_a-reent.o) (_impure_ptr)
c:/progra~2/armgnu~1/bin/../lib/gcc/arm-none-eabi/12.2.1/thumb/v7e-m/nofp\libg.a(libc_a-lseekr.o)
                              c:/progra~2/armgnu~1/bin/../lib/gcc/arm-none-eabi/12.2.1/thumb/v7e-m/nofp\libg.a(libc_a-stdio.o) (_lseek_r)
c:/progra~2/armgnu~1/bin/../lib/gcc/arm-none-eabi/12.2.1/thumb/v7e-m/nofp\libg.a(libc_a-readr.o)
                              c:/progra~2/armgnu~1/bin/../lib/gcc/arm-none-eabi/12.2.1/thumb/v7e-m/nofp\libg.a(libc_a-stdio.o) (_read_r)
c:/progra~2/armgnu~1/bin/../lib/gcc/arm-none-eabi/12.2.1/thumb/v7e-m/nofp\libg.a(libc_a-writer.o)
                              c:/progra~2/armgnu~1/bin/../lib/gcc/arm-none-eabi/12.2.1/thumb/v7e-m/nofp\libg.a(libc_a-stdio.o) (_write_r)
c:/progra~2/armgnu~1/bin/../lib/gcc/arm-none-eabi/12.2.1/thumb/v7e-m/nofp\libg.a(libc_a-errno.o)
                              CMakeFiles/Test.elf.dir/Core/Src/syscalls.c.obj (__errno)
c:/progra~2/armgnu~1/bin/../lib/gcc/arm-none-eabi/12.2.1/thumb/v7e-m/nofp\libg.a(libc_a-init.o)
                              c:/progra~2/armgnu~1/bin/../lib/gcc/arm-none-eabi/12.2.1/thumb/v7e-m/nofp/crt0.o (__libc_init_array)
c:/progra~2/armgnu~1/bin/../lib/gcc/arm-none-eabi/12.2.1/thumb/v7e-m/nofp\libg.a(libc_a-lock.o)
                              c:/progra~2/armgnu~1/bin/../lib/gcc/arm-none-eabi/12.2.1/thumb/v7e-m/nofp\libg.a(libc_a-findfp.o) (__retarget_lock_init_recursive)
c:/progra~2/armgnu~1/bin/../lib/gcc/arm-none-eabi/12.2.1/thumb/v7e-m/nofp\libg.a(libc_a-__call_atexit.o)
                              c:/progra~2/armgnu~1/bin/../lib/gcc/arm-none-eabi/12.2.1/thumb/v7e-m/nofp\libg.a(libc_a-exit.o) (__call_exitprocs)
c:/progra~2/armgnu~1/bin/../lib/gcc/arm-none-eabi/12.2.1/thumb/v7e-m/nofp\libg.a(libc_a-atexit.o)
                              c:/progra~2/armgnu~1/bin/../lib/gcc/arm-none-eabi/12.2.1/thumb/v7e-m/nofp\libg.a(libc_a-__call_atexit.o) (atexit)
c:/progra~2/armgnu~1/bin/../lib/gcc/arm-none-eabi/12.2.1/thumb/v7e-m/nofp\libg.a(libc_a-freer.o)
                              c:/progra~2/armgnu~1/bin/../lib/gcc/arm-none-eabi/12.2.1/thumb/v7e-m/nofp\libg.a(libc_a-reent.o) (_free_r)
c:/progra~2/armgnu~1/bin/../lib/gcc/arm-none-eabi/12.2.1/thumb/v7e-m/nofp\libg.a(libc_a-mallocr.o)
                              c:/progra~2/armgnu~1/bin/../lib/gcc/arm-none-eabi/12.2.1/thumb/v7e-m/nofp\libg.a(libc_a-findfp.o) (_malloc_r)
[...]
Memory Configuration

Name             Origin             Length             Attributes
CCMRAM           0x10000000         0x00010000         xrw
RAM              0x20000000         0x00050000         xrw
FLASH            0x08000000         0x00200000         xr
*default*        0x00000000         0xffffffff

Linker script and memory map

LOAD c:/progra~2/armgnu~1/bin/../lib/gcc/arm-none-eabi/12.2.1/thumb/v7e-m/nofp/crti.o
LOAD c:/progra~2/armgnu~1/bin/../lib/gcc/arm-none-eabi/12.2.1/thumb/v7e-m/nofp/crtbegin.o
LOAD c:/progra~2/armgnu~1/bin/../lib/gcc/arm-none-eabi/12.2.1/thumb/v7e-m/nofp/crt0.o
LOAD CMakeFiles/Test.elf.dir/Core/Src/crc.c.obj
LOAD CMakeFiles/Test.elf.dir/Core/Src/fmc.c.obj
LOAD CMakeFiles/Test.elf.dir/Core/Src/gpio.c.obj
LOAD CMakeFiles/Test.elf.dir/Core/Src/main.c.obj
LOAD CMakeFiles/Test.elf.dir/Core/Src/quadspi.c.obj
LOAD CMakeFiles/Test.elf.dir/Core/Src/stm32469i_discovery_sdram.c.obj
LOAD CMakeFiles/Test.elf.dir/Core/Src/stm32f4xx_hal_msp.c.obj
LOAD CMakeFiles/Test.elf.dir/Core/Src/stm32f4xx_hal_timebase_tim.c.obj
LOAD CMakeFiles/Test.elf.dir/Core/Src/stm32f4xx_it.c.obj
LOAD CMakeFiles/Test.elf.dir/Core/Src/syscalls.c.obj
LOAD CMakeFiles/Test.elf.dir/Core/Src/sysmem.c.obj
LOAD CMakeFiles/Test.elf.dir/Core/Src/system_stm32f4xx.c.obj
LOAD CMakeFiles/Test.elf.dir/Core/Src/tim.c.obj
LOAD CMakeFiles/Test.elf.dir/Core/Startup/startup_stm32f469nihx.s.obj
LOAD CMakeFiles/Test.elf.dir/Drivers/STM32F4xx_HAL_Driver/Src/stm32f4xx_hal.c.obj
LOAD CMakeFiles/Test.elf.dir/Drivers/STM32F4xx_HAL_Driver/Src/stm32f4xx_hal_cortex.c.obj
LOAD CMakeFiles/Test.elf.dir/Drivers/STM32F4xx_HAL_Driver/Src/stm32f4xx_hal_crc.c.obj
LOAD CMakeFiles/Test.elf.dir/Drivers/STM32F4xx_HAL_Driver/Src/stm32f4xx_hal_dma.c.obj
LOAD CMakeFiles/Test.elf.dir/Drivers/STM32F4xx_HAL_Driver/Src/stm32f4xx_hal_dma_ex.c.obj
LOAD CMakeFiles/Test.elf.dir/Drivers/STM32F4xx_HAL_Driver/Src/stm32f4xx_hal_exti.c.obj
LOAD CMakeFiles/Test.elf.dir/Drivers/STM32F4xx_HAL_Driver/Src/stm32f4xx_hal_flash.c.obj
LOAD CMakeFiles/Test.elf.dir/Drivers/STM32F4xx_HAL_Driver/Src/stm32f4xx_hal_flash_ex.c.obj
LOAD CMakeFiles/Test.elf.dir/Drivers/STM32F4xx_HAL_Driver/Src/stm32f4xx_hal_flash_ramfunc.c.obj
LOAD CMakeFiles/Test.elf.dir/Drivers/STM32F4xx_HAL_Driver/Src/stm32f4xx_hal_gpio.c.obj
LOAD CMakeFiles/Test.elf.dir/Drivers/STM32F4xx_HAL_Driver/Src/stm32f4xx_hal_pwr.c.obj
LOAD CMakeFiles/Test.elf.dir/Drivers/STM32F4xx_HAL_Driver/Src/stm32f4xx_hal_pwr_ex.c.obj
LOAD CMakeFiles/Test.elf.dir/Drivers/STM32F4xx_HAL_Driver/Src/stm32f4xx_hal_qspi.c.obj
LOAD CMakeFiles/Test.elf.dir/Drivers/STM32F4xx_HAL_Driver/Src/stm32f4xx_hal_rcc.c.obj
LOAD CMakeFiles/Test.elf.dir/Drivers/STM32F4xx_HAL_Driver/Src/stm32f4xx_hal_rcc_ex.c.obj
LOAD CMakeFiles/Test.elf.dir/Drivers/STM32F4xx_HAL_Driver/Src/stm32f4xx_hal_sdram.c.obj
LOAD CMakeFiles/Test.elf.dir/Drivers/STM32F4xx_HAL_Driver/Src/stm32f4xx_hal_tim.c.obj
LOAD CMakeFiles/Test.elf.dir/Drivers/STM32F4xx_HAL_Driver/Src/stm32f4xx_hal_tim_ex.c.obj
LOAD CMakeFiles/Test.elf.dir/Drivers/STM32F4xx_HAL_Driver/Src/stm32f4xx_ll_fmc.c.obj
START GROUP
LOAD c:/progra~2/armgnu~1/bin/../lib/gcc/arm-none-eabi/12.2.1/thumb/v7e-m/nofp\libgcc.a
LOAD c:/progra~2/armgnu~1/bin/../lib/gcc/arm-none-eabi/12.2.1/thumb/v7e-m/nofp\libg.a
LOAD c:/progra~2/armgnu~1/bin/../lib/gcc/arm-none-eabi/12.2.1/thumb/v7e-m/nofp\libc.a
END GROUP
LOAD c:/progra~2/armgnu~1/bin/../lib/gcc/arm-none-eabi/12.2.1/thumb/v7e-m/nofp/crtend.o
LOAD c:/progra~2/armgnu~1/bin/../lib/gcc/arm-none-eabi/12.2.1/thumb/v7e-m/nofp/crtn.o
                0x20050000                _estack = (ORIGIN (RAM) + LENGTH (RAM))
                0x00000200                _Min_Heap_Size = 0x200
                0x00000400                _Min_Stack_Size = 0x400

.isr_vector     0x08000000      0x1b4
                0x08000000                . = ALIGN (0x4)
 *(.isr_vector)
 .isr_vector    0x08000000      0x1b4 CMakeFiles/Test.elf.dir/Core/Startup/startup_stm32f469nihx.s.obj
                0x08000000                g_pfnVectors
                0x080001b4                . = ALIGN (0x4)

.text           0x080001b4     0x20f8
                0x080001b4                . = ALIGN (0x4)
 *(.text)
 .text          0x080001b4       0x30 c:/progra~2/armgnu~1/bin/../lib/gcc/arm-none-eabi/12.2.1/thumb/v7e-m/nofp\libgcc.a(_aeabi_uldivmod.o)
                0x080001b4                __aeabi_uldivmod
 .text          0x080001e4        0x4 c:/progra~2/armgnu~1/bin/../lib/gcc/arm-none-eabi/12.2.1/thumb/v7e-m/nofp\libgcc.a(_dvmd_tls.o)
                0x080001e4                __aeabi_idiv0
                0x080001e4                __aeabi_ldiv0
 *(.text*)
 .text.deregister_tm_clones
                0x080001e8       0x1c c:/progra~2/armgnu~1/bin/../lib/gcc/arm-none-eabi/12.2.1/thumb/v7e-m/nofp/crtbegin.o
 .text.register_tm_clones
                0x08000204       0x24 c:/progra~2/armgnu~1/bin/../lib/gcc/arm-none-eabi/12.2.1/thumb/v7e-m/nofp/crtbegin.o
 .text.__do_global_dtors_aux
                0x08000228       0x28 c:/progra~2/armgnu~1/bin/../lib/gcc/arm-none-eabi/12.2.1/thumb/v7e-m/nofp/crtbegin.o
 .text.frame_dummy
                0x08000250       0x24 c:/progra~2/armgnu~1/bin/../lib/gcc/arm-none-eabi/12.2.1/thumb/v7e-m/nofp/crtbegin.o
 .text.MX_CRC_Init
                0x08000274       0x20 CMakeFiles/Test.elf.dir/Core/Src/crc.c.obj
                0x08000274                MX_CRC_Init
 .text.HAL_CRC_MspInit
                0x08000294       0x30 CMakeFiles/Test.elf.dir/Core/Src/crc.c.obj
                0x08000294                HAL_CRC_MspInit
 .text.HAL_FMC_MspInit
                0x080002c4      0x104 CMakeFiles/Test.elf.dir/Core/Src/fmc.c.obj
 .text.MX_FMC_Init
                0x080003c8       0x70 CMakeFiles/Test.elf.dir/Core/Src/fmc.c.obj
                0x080003c8                MX_FMC_Init
 .text.HAL_SDRAM_MspInit
                0x08000438        0x8 CMakeFiles/Test.elf.dir/Core/Src/fmc.c.obj
                0x08000438                HAL_SDRAM_MspInit
 .text.MX_GPIO_Init
                0x08000440      0x3c0 CMakeFiles/Test.elf.dir/Core/Src/gpio.c.obj
                0x08000440                MX_GPIO_Init
 .text.HAL_TIM_PeriodElapsedCallback
                0x08000800       0x18 CMakeFiles/Test.elf.dir/Core/Src/main.c.obj
                0x08000800                HAL_TIM_PeriodElapsedCallback
 .text.Error_Handler
                0x08000818        0x4 CMakeFiles/Test.elf.dir/Core/Src/main.c.obj
                0x08000818                Error_Handler
 .text.SystemClock_Config
                0x0800081c       0xb4 CMakeFiles/Test.elf.dir/Core/Src/main.c.obj
                0x0800081c                SystemClock_Config
 .text.main     0x080008d0       0x20 CMakeFiles/Test.elf.dir/Core/Src/main.c.obj
                0x080008d0                main
 .text.MX_QUADSPI_Init
                0x080008f0       0x3c CMakeFiles/Test.elf.dir/Core/Src/quadspi.c.obj
                0x080008f0                MX_QUADSPI_Init
 .text.HAL_QSPI_MspInit
                0x0800092c       0xc0 CMakeFiles/Test.elf.dir/Core/Src/quadspi.c.obj
                0x0800092c                HAL_QSPI_MspInit
 .text.HAL_MspInit
                0x080009ec       0x38 CMakeFiles/Test.elf.dir/Core/Src/stm32f4xx_hal_msp.c.obj
                0x080009ec                HAL_MspInit
 .text.HAL_InitTick
                0x08000a24       0xa4 CMakeFiles/Test.elf.dir/Core/Src/stm32f4xx_hal_timebase_tim.c.obj
                0x08000a24                HAL_InitTick
 .text.NMI_Handler
                0x08000ac8        0x2 CMakeFiles/Test.elf.dir/Core/Src/stm32f4xx_it.c.obj
                0x08000ac8                NMI_Handler
 .text.HardFault_Handler
                0x08000aca        0x2 CMakeFiles/Test.elf.dir/Core/Src/stm32f4xx_it.c.obj
                0x08000aca                HardFault_Handler
 .text.MemManage_Handler
                0x08000acc        0x2 CMakeFiles/Test.elf.dir/Core/Src/stm32f4xx_it.c.obj
                0x08000acc                MemManage_Handler
 .text.BusFault_Handler
                0x08000ace        0x2 CMakeFiles/Test.elf.dir/Core/Src/stm32f4xx_it.c.obj
                0x08000ace                BusFault_Handler
 .text.UsageFault_Handler
                0x08000ad0        0x2 CMakeFiles/Test.elf.dir/Core/Src/stm32f4xx_it.c.obj
                0x08000ad0                UsageFault_Handler
 .text.SVC_Handler
                0x08000ad2        0x2 CMakeFiles/Test.elf.dir/Core/Src/stm32f4xx_it.c.obj
                0x08000ad2                SVC_Handler
 .text.DebugMon_Handler
                0x08000ad4        0x2 CMakeFiles/Test.elf.dir/Core/Src/stm32f4xx_it.c.obj
                0x08000ad4                DebugMon_Handler
 .text.PendSV_Handler
                0x08000ad6        0x2 CMakeFiles/Test.elf.dir/Core/Src/stm32f4xx_it.c.obj
                0x08000ad6                PendSV_Handler
 .text.SysTick_Handler
                0x08000ad8        0x2 CMakeFiles/Test.elf.dir/Core/Src/stm32f4xx_it.c.obj
                0x08000ad8                SysTick_Handler
 *fill*         0x08000ada        0x2 
 .text.TIM6_DAC_IRQHandler
                0x08000adc       0x10 CMakeFiles/Test.elf.dir/Core/Src/stm32f4xx_it.c.obj
                0x08000adc                TIM6_DAC_IRQHandler
 .text.SystemInit
                0x08000aec        0x2 CMakeFiles/Test.elf.dir/Core/Src/system_stm32f4xx.c.obj
                0x08000aec                SystemInit
 *fill*         0x08000aee        0x2 
 .text.MX_TIM1_Init
                0x08000af0       0x70 CMakeFiles/Test.elf.dir/Core/Src/tim.c.obj
                0x08000af0                MX_TIM1_Init
 .text.HAL_TIM_Base_MspInit
                0x08000b60       0x30 CMakeFiles/Test.elf.dir/Core/Src/tim.c.obj
                0x08000b60                HAL_TIM_Base_MspInit
 .text.Reset_Handler
                0x08000b90       0x50 CMakeFiles/Test.elf.dir/Core/Startup/startup_stm32f469nihx.s.obj
                0x08000b90                Reset_Handler
 .text.Default_Handler
                0x08000be0        0x2 CMakeFiles/Test.elf.dir/Core/Startup/startup_stm32f469nihx.s.obj
                0x08000be0                RTC_Alarm_IRQHandler
                0x08000be0                HASH_RNG_IRQHandler
                0x08000be0                EXTI2_IRQHandler
                0x08000be0                TIM8_CC_IRQHandler
                0x08000be0                UART8_IRQHandler
                0x08000be0                SPI4_IRQHandler
                0x08000be0                TIM1_CC_IRQHandler
                0x08000be0                DMA2_Stream5_IRQHandler
                0x08000be0                DMA1_Stream5_IRQHandler
                0x08000be0                PVD_IRQHandler
                0x08000be0                SDIO_IRQHandler
                0x08000be0                TAMP_STAMP_IRQHandler
                0x08000be0                CAN2_RX1_IRQHandler
                0x08000be0                EXTI3_IRQHandler
                0x08000be0                TIM8_TRG_COM_TIM14_IRQHandler
                0x08000be0                TIM1_UP_TIM10_IRQHandler
                0x08000be0                TIM8_UP_TIM13_IRQHandler
                0x08000be0                I2C3_ER_IRQHandler
                0x08000be0                EXTI0_IRQHandler
                0x08000be0                I2C2_EV_IRQHandler
                0x08000be0                DMA1_Stream2_IRQHandler
                0x08000be0                CAN1_RX0_IRQHandler
                0x08000be0                FPU_IRQHandler
                0x08000be0                OTG_HS_WKUP_IRQHandler
                0x08000be0                LTDC_ER_IRQHandler
                0x08000be0                CAN2_SCE_IRQHandler
                0x08000be0                DMA2_Stream2_IRQHandler
                0x08000be0                SPI1_IRQHandler
                0x08000be0                TIM1_BRK_TIM9_IRQHandler
                0x08000be0                DCMI_IRQHandler
                0x08000be0                CAN2_RX0_IRQHandler
                0x08000be0                DMA2_Stream3_IRQHandler
                0x08000be0                USART6_IRQHandler
                0x08000be0                USART3_IRQHandler
                0x08000be0                CAN1_RX1_IRQHandler
                0x08000be0                UART5_IRQHandler
                0x08000be0                DMA2_Stream0_IRQHandler
                0x08000be0                TIM4_IRQHandler
                0x08000be0                QUADSPI_IRQHandler
                0x08000be0                I2C1_EV_IRQHandler
                0x08000be0                DMA1_Stream6_IRQHandler
                0x08000be0                DMA1_Stream1_IRQHandler
                0x08000be0                UART4_IRQHandler
                0x08000be0                TIM3_IRQHandler
                0x08000be0                RCC_IRQHandler
                0x08000be0                TIM8_BRK_TIM12_IRQHandler
                0x08000be0                Default_Handler
                0x08000be0                EXTI15_10_IRQHandler
                0x08000be0                ADC_IRQHandler
                0x08000be0                DMA1_Stream7_IRQHandler
                0x08000be0                SPI5_IRQHandler
                0x08000be0                TIM7_IRQHandler
                0x08000be0                CAN2_TX_IRQHandler
                0x08000be0                TIM5_IRQHandler
                0x08000be0                DMA2_Stream7_IRQHandler
                0x08000be0                I2C3_EV_IRQHandler
                0x08000be0                EXTI9_5_IRQHandler
                0x08000be0                RTC_WKUP_IRQHandler
                0x08000be0                LTDC_IRQHandler
                0x08000be0                ETH_WKUP_IRQHandler
                0x08000be0                SPI2_IRQHandler
                0x08000be0                OTG_HS_EP1_IN_IRQHandler
                0x08000be0                DMA1_Stream0_IRQHandler
                0x08000be0                CAN1_TX_IRQHandler
                0x08000be0                EXTI4_IRQHandler
                0x08000be0                DSI_IRQHandler
                0x08000be0                ETH_IRQHandler
                0x08000be0                OTG_HS_EP1_OUT_IRQHandler
                0x08000be0                WWDG_IRQHandler
                0x08000be0                SPI6_IRQHandler
                0x08000be0                TIM2_IRQHandler
                0x08000be0                OTG_FS_WKUP_IRQHandler
                0x08000be0                TIM1_TRG_COM_TIM11_IRQHandler
                0x08000be0                OTG_HS_IRQHandler
                0x08000be0                DMA2D_IRQHandler
                0x08000be0                EXTI1_IRQHandler
                0x08000be0                UART7_IRQHandler
                0x08000be0                USART2_IRQHandler
                0x08000be0                I2C2_ER_IRQHandler
                0x08000be0                DMA2_Stream1_IRQHandler
                0x08000be0                CAN1_SCE_IRQHandler
                0x08000be0                FLASH_IRQHandler
                0x08000be0                DMA2_Stream4_IRQHandler
                0x08000be0                USART1_IRQHandler
                0x08000be0                OTG_FS_IRQHandler
                0x08000be0                SPI3_IRQHandler
                0x08000be0                DMA1_Stream4_IRQHandler
                0x08000be0                I2C1_ER_IRQHandler
                0x08000be0                FMC_IRQHandler
                0x08000be0                DMA2_Stream6_IRQHandler
                0x08000be0                SAI1_IRQHandler
                0x08000be0                DMA1_Stream3_IRQHandler
 *fill*         0x08000be2        0x2 
 .text.HAL_Init
                0x08000be4       0x34 CMakeFiles/Test.elf.dir/Drivers/STM32F4xx_HAL_Driver/Src/stm32f4xx_hal.c.obj
                0x08000be4                HAL_Init
 .text.HAL_IncTick
                0x08000c18       0x18 CMakeFiles/Test.elf.dir/Drivers/STM32F4xx_HAL_Driver/Src/stm32f4xx_hal.c.obj
                0x08000c18                HAL_IncTick
 .text.HAL_GetTick
                0x08000c30        0xc CMakeFiles/Test.elf.dir/Drivers/STM32F4xx_HAL_Driver/Src/stm32f4xx_hal.c.obj
                0x08000c30                HAL_GetTick
 .text.__NVIC_SetPriority
                0x08000c3c       0x28 CMakeFiles/Test.elf.dir/Drivers/STM32F4xx_HAL_Driver/Src/stm32f4xx_hal_cortex.c.obj
 .text.NVIC_EncodePriority
                0x08000c64       0x3e CMakeFiles/Test.elf.dir/Drivers/STM32F4xx_HAL_Driver/Src/stm32f4xx_hal_cortex.c.obj
 *fill*         0x08000ca2        0x2 
 .text.HAL_NVIC_SetPriorityGrouping
                0x08000ca4       0x24 CMakeFiles/Test.elf.dir/Drivers/STM32F4xx_HAL_Driver/Src/stm32f4xx_hal_cortex.c.obj
                0x08000ca4                HAL_NVIC_SetPriorityGrouping
 .text.HAL_NVIC_SetPriority
                0x08000cc8       0x20 CMakeFiles/Test.elf.dir/Drivers/STM32F4xx_HAL_Driver/Src/stm32f4xx_hal_cortex.c.obj
                0x08000cc8                HAL_NVIC_SetPriority
 .text.HAL_NVIC_EnableIRQ
                0x08000ce8       0x1c CMakeFiles/Test.elf.dir/Drivers/STM32F4xx_HAL_Driver/Src/stm32f4xx_hal_cortex.c.obj
                0x08000ce8                HAL_NVIC_EnableIRQ
 .text.HAL_CRC_Init
                0x08000d04       0x1e CMakeFiles/Test.elf.dir/Drivers/STM32F4xx_HAL_Driver/Src/stm32f4xx_hal_crc.c.obj
                0x08000d04                HAL_CRC_Init
 *fill*         0x08000d22        0x2 
 .text.HAL_GPIO_Init
                0x08000d24      0x20c CMakeFiles/Test.elf.dir/Drivers/STM32F4xx_HAL_Driver/Src/stm32f4xx_hal_gpio.c.obj
                0x08000d24                HAL_GPIO_Init
 .text.HAL_GPIO_WritePin
                0x08000f30        0xc CMakeFiles/Test.elf.dir/Drivers/STM32F4xx_HAL_Driver/Src/stm32f4xx_hal_gpio.c.obj
                0x08000f30                HAL_GPIO_WritePin
 .text.HAL_PWREx_EnableOverDrive
                0x08000f3c       0x7c CMakeFiles/Test.elf.dir/Drivers/STM32F4xx_HAL_Driver/Src/stm32f4xx_hal_pwr_ex.c.obj
                0x08000f3c                HAL_PWREx_EnableOverDrive
 .text.QSPI_WaitFlagStateUntilTimeout
                0x08000fb8       0x54 CMakeFiles/Test.elf.dir/Drivers/STM32F4xx_HAL_Driver/Src/stm32f4xx_hal_qspi.c.obj
 .text.HAL_QSPI_SetTimeout
                0x0800100c        0x4 CMakeFiles/Test.elf.dir/Drivers/STM32F4xx_HAL_Driver/Src/stm32f4xx_hal_qspi.c.obj
                0x0800100c                HAL_QSPI_SetTimeout
 .text.HAL_QSPI_Init
                0x08001010       0xb0 CMakeFiles/Test.elf.dir/Drivers/STM32F4xx_HAL_Driver/Src/stm32f4xx_hal_qspi.c.obj
                0x08001010                HAL_QSPI_Init
 .text.HAL_RCC_GetSysClockFreq
                0x080010c0       0xdc CMakeFiles/Test.elf.dir/Drivers/STM32F4xx_HAL_Driver/Src/stm32f4xx_hal_rcc.c.obj
                0x080010c0                HAL_RCC_GetSysClockFreq
 .text.HAL_RCC_ClockConfig
                0x0800119c      0x160 CMakeFiles/Test.elf.dir/Drivers/STM32F4xx_HAL_Driver/Src/stm32f4xx_hal_rcc.c.obj
                0x0800119c                HAL_RCC_ClockConfig
 .text.HAL_RCC_GetHCLKFreq
                0x080012fc        0xc CMakeFiles/Test.elf.dir/Drivers/STM32F4xx_HAL_Driver/Src/stm32f4xx_hal_rcc.c.obj
                0x080012fc                HAL_RCC_GetHCLKFreq
 .text.HAL_RCC_GetPCLK1Freq
                0x08001308       0x20 CMakeFiles/Test.elf.dir/Drivers/STM32F4xx_HAL_Driver/Src/stm32f4xx_hal_rcc.c.obj
                0x08001308                HAL_RCC_GetPCLK1Freq
 .text.HAL_RCC_GetClockConfig
                0x08001328       0x3c CMakeFiles/Test.elf.dir/Drivers/STM32F4xx_HAL_Driver/Src/stm32f4xx_hal_rcc.c.obj
                0x08001328                HAL_RCC_GetClockConfig
 .text.HAL_RCC_OscConfig
                0x08001364      0x410 CMakeFiles/Test.elf.dir/Drivers/STM32F4xx_HAL_Driver/Src/stm32f4xx_hal_rcc_ex.c.obj
                0x08001364                HAL_RCC_OscConfig
 .text.HAL_SDRAM_Init
                0x08001774       0x40 CMakeFiles/Test.elf.dir/Drivers/STM32F4xx_HAL_Driver/Src/stm32f4xx_hal_sdram.c.obj
                0x08001774                HAL_SDRAM_Init
 .text.TIM_TI1_ConfigInputStage
                0x080017b4       0x24 CMakeFiles/Test.elf.dir/Drivers/STM32F4xx_HAL_Driver/Src/stm32f4xx_hal_tim.c.obj
 .text.TIM_TI2_ConfigInputStage
                0x080017d8       0x26 CMakeFiles/Test.elf.dir/Drivers/STM32F4xx_HAL_Driver/Src/stm32f4xx_hal_tim.c.obj
 .text.TIM_ITRx_SetConfig
                0x080017fe       0x10 CMakeFiles/Test.elf.dir/Drivers/STM32F4xx_HAL_Driver/Src/stm32f4xx_hal_tim.c.obj
 *fill*         0x0800180e        0x2 
 .text.HAL_TIM_Base_Start_IT
                0x08001810       0x88 CMakeFiles/Test.elf.dir/Drivers/STM32F4xx_HAL_Driver/Src/stm32f4xx_hal_tim.c.obj
                0x08001810                HAL_TIM_Base_Start_IT
 .text.HAL_TIM_OC_DelayElapsedCallback
                0x08001898        0x2 CMakeFiles/Test.elf.dir/Drivers/STM32F4xx_HAL_Driver/Src/stm32f4xx_hal_tim.c.obj
                0x08001898                HAL_TIM_OC_DelayElapsedCallback
 .text.HAL_TIM_IC_CaptureCallback
                0x0800189a        0x2 CMakeFiles/Test.elf.dir/Drivers/STM32F4xx_HAL_Driver/Src/stm32f4xx_hal_tim.c.obj
                0x0800189a                HAL_TIM_IC_CaptureCallback
 .text.HAL_TIM_PWM_PulseFinishedCallback
                0x0800189c        0x2 CMakeFiles/Test.elf.dir/Drivers/STM32F4xx_HAL_Driver/Src/stm32f4xx_hal_tim.c.obj
                0x0800189c                HAL_TIM_PWM_PulseFinishedCallback
 .text.HAL_TIM_TriggerCallback
                0x0800189e        0x2 CMakeFiles/Test.elf.dir/Drivers/STM32F4xx_HAL_Driver/Src/stm32f4xx_hal_tim.c.obj
                0x0800189e                HAL_TIM_TriggerCallback
 .text.HAL_TIM_IRQHandler
                0x080018a0      0x17a CMakeFiles/Test.elf.dir/Drivers/STM32F4xx_HAL_Driver/Src/stm32f4xx_hal_tim.c.obj
                0x080018a0                HAL_TIM_IRQHandler
 *fill*         0x08001a1a        0x2 
 .text.TIM_Base_SetConfig
                0x08001a1c       0xc8 CMakeFiles/Test.elf.dir/Drivers/STM32F4xx_HAL_Driver/Src/stm32f4xx_hal_tim.c.obj
                0x08001a1c                TIM_Base_SetConfig
 .text.HAL_TIM_Base_Init
                0x08001ae4       0x58 CMakeFiles/Test.elf.dir/Drivers/STM32F4xx_HAL_Driver/Src/stm32f4xx_hal_tim.c.obj
                0x08001ae4                HAL_TIM_Base_Init
 .text.TIM_ETR_SetConfig
                0x08001b3c       0x18 CMakeFiles/Test.elf.dir/Drivers/STM32F4xx_HAL_Driver/Src/stm32f4xx_hal_tim.c.obj
                0x08001b3c                TIM_ETR_SetConfig
 .text.HAL_TIM_ConfigClockSource
                0x08001b54       0xfe CMakeFiles/Test.elf.dir/Drivers/STM32F4xx_HAL_Driver/Src/stm32f4xx_hal_tim.c.obj
                0x08001b54                HAL_TIM_ConfigClockSource
 *fill*         0x08001c52        0x2 
 .text.HAL_TIMEx_MasterConfigSynchronization
                0x08001c54       0x8c CMakeFiles/Test.elf.dir/Drivers/STM32F4xx_HAL_Driver/Src/stm32f4xx_hal_tim_ex.c.obj
                0x08001c54                HAL_TIMEx_MasterConfigSynchronization
 .text.HAL_TIMEx_CommutCallback
                0x08001ce0        0x2 CMakeFiles/Test.elf.dir/Drivers/STM32F4xx_HAL_Driver/Src/stm32f4xx_hal_tim_ex.c.obj
                0x08001ce0                HAL_TIMEx_CommutCallback
 .text.HAL_TIMEx_BreakCallback
                0x08001ce2        0x2 CMakeFiles/Test.elf.dir/Drivers/STM32F4xx_HAL_Driver/Src/stm32f4xx_hal_tim_ex.c.obj
                0x08001ce2                HAL_TIMEx_BreakCallback
 .text.FMC_SDRAM_Init
                0x08001ce4       0x76 CMakeFiles/Test.elf.dir/Drivers/STM32F4xx_HAL_Driver/Src/stm32f4xx_ll_fmc.c.obj
                0x08001ce4                FMC_SDRAM_Init
 .text.FMC_SDRAM_Timing_Init
                0x08001d5a       0xb2 CMakeFiles/Test.elf.dir/Drivers/STM32F4xx_HAL_Driver/Src/stm32f4xx_ll_fmc.c.obj
                0x08001d5a                FMC_SDRAM_Timing_Init
 .text.__udivmoddi4
                0x08001e0c      0x2bc c:/progra~2/armgnu~1/bin/../lib/gcc/arm-none-eabi/12.2.1/thumb/v7e-m/nofp\libgcc.a(_udivmoddi4.o)
                0x08001e0c                __udivmoddi4
 .text.memset   0x080020c8       0xa4 c:/progra~2/armgnu~1/bin/../lib/gcc/arm-none-eabi/12.2.1/thumb/v7e-m/nofp\libg.a(libc_a-memset.o)
                0x080020c8                memset
 .text.__libc_init_array
                0x0800216c       0x50 c:/progra~2/armgnu~1/bin/../lib/gcc/arm-none-eabi/12.2.1/thumb/v7e-m/nofp\libg.a(libc_a-init.o)
                0x0800216c                __libc_init_array
 .text.__retarget_lock_acquire_recursive
                0x080021bc        0x4 c:/progra~2/armgnu~1/bin/../lib/gcc/arm-none-eabi/12.2.1/thumb/v7e-m/nofp\libg.a(libc_a-lock.o)
                0x080021bc                __retarget_lock_acquire_recursive
 .text.__retarget_lock_release_recursive
                0x080021c0        0x4 c:/progra~2/armgnu~1/bin/../lib/gcc/arm-none-eabi/12.2.1/thumb/v7e-m/nofp\libg.a(libc_a-lock.o)
                0x080021c0                __retarget_lock_release_recursive
 .text.startup.register_fini
                0x080021c4       0x14 c:/progra~2/armgnu~1/bin/../lib/gcc/arm-none-eabi/12.2.1/thumb/v7e-m/nofp\libg.a(libc_a-__call_atexit.o)
 .text.atexit   0x080021d8        0xc c:/progra~2/armgnu~1/bin/../lib/gcc/arm-none-eabi/12.2.1/thumb/v7e-m/nofp\libg.a(libc_a-atexit.o)
                0x080021d8                atexit
 .text.__libc_fini_array
                0x080021e4       0x28 c:/progra~2/armgnu~1/bin/../lib/gcc/arm-none-eabi/12.2.1/thumb/v7e-m/nofp\libg.a(libc_a-fini.o)
                0x080021e4                __libc_fini_array
 .text.__register_exitproc
                0x0800220c       0x88 c:/progra~2/armgnu~1/bin/../lib/gcc/arm-none-eabi/12.2.1/thumb/v7e-m/nofp\libg.a(libc_a-__atexit.o)
                0x0800220c                __register_exitproc
 *(.glue_7)
 .glue_7        0x08002294        0x0 linker stubs
 *(.glue_7t)
 .glue_7t       0x08002294        0x0 linker stubs
 *(.eh_frame)
 .eh_frame      0x08002294        0x0 c:/progra~2/armgnu~1/bin/../lib/gcc/arm-none-eabi/12.2.1/thumb/v7e-m/nofp/crtbegin.o
 *(.init)
 .init          0x08002294        0x4 c:/progra~2/armgnu~1/bin/../lib/gcc/arm-none-eabi/12.2.1/thumb/v7e-m/nofp/crti.o
                0x08002294                _init
 .init          0x08002298        0x8 c:/progra~2/armgnu~1/bin/../lib/gcc/arm-none-eabi/12.2.1/thumb/v7e-m/nofp/crtn.o
 *(.fini)
 .fini          0x080022a0        0x4 c:/progra~2/armgnu~1/bin/../lib/gcc/arm-none-eabi/12.2.1/thumb/v7e-m/nofp/crti.o
                0x080022a0                _fini
 .fini          0x080022a4        0x8 c:/progra~2/armgnu~1/bin/../lib/gcc/arm-none-eabi/12.2.1/thumb/v7e-m/nofp/crtn.o
                0x080022ac                . = ALIGN (0x4)
                0x080022ac                _etext = .

.vfp11_veneer   0x080022ac        0x0
 .vfp11_veneer  0x080022ac        0x0 linker stubs

.v4_bx          0x080022ac        0x0
 .v4_bx         0x080022ac        0x0 linker stubs

.iplt           0x080022ac        0x0
 .iplt          0x080022ac        0x0 c:/progra~2/armgnu~1/bin/../lib/gcc/arm-none-eabi/12.2.1/thumb/v7e-m/nofp/crtbegin.o

.rodata         0x080022ac       0x18
                0x080022ac                . = ALIGN (0x4)
 *(.rodata)
 *(.rodata*)
 .rodata.APBPrescTable
                0x080022ac        0x8 CMakeFiles/Test.elf.dir/Core/Src/system_stm32f4xx.c.obj
                0x080022ac                APBPrescTable
 .rodata.AHBPrescTable
                0x080022b4       0x10 CMakeFiles/Test.elf.dir/Core/Src/system_stm32f4xx.c.obj
                0x080022b4                AHBPrescTable
                0x080022c4                . = ALIGN (0x4)

.ARM.extab      0x080022c4        0x0
                0x080022c4                . = ALIGN (0x4)
 *(.ARM.extab* .gnu.linkonce.armextab.*)
                0x080022c4                . = ALIGN (0x4)

.ARM            0x080022c4        0x8
                0x080022c4                . = ALIGN (0x4)
                0x080022c4                __exidx_start = .
 *(.ARM.exidx*)
 .ARM.exidx.text.__udivmoddi4
                0x080022c4        0x8 c:/progra~2/armgnu~1/bin/../lib/gcc/arm-none-eabi/12.2.1/thumb/v7e-m/nofp\libgcc.a(_udivmoddi4.o)
                0x080022cc                __exidx_end = .
                0x080022cc                . = ALIGN (0x4)

.rel.dyn        0x080022cc        0x0
 .rel.iplt      0x080022cc        0x0 c:/progra~2/armgnu~1/bin/../lib/gcc/arm-none-eabi/12.2.1/thumb/v7e-m/nofp/crtbegin.o

.preinit_array  0x080022cc        0x0
                0x080022cc                . = ALIGN (0x4)
                0x080022cc                PROVIDE (__preinit_array_start = .)
 *(.preinit_array*)
                0x080022cc                PROVIDE (__preinit_array_end = .)
                0x080022cc                . = ALIGN (0x4)

.init_array     0x080022cc        0x8
                0x080022cc                . = ALIGN (0x4)
                0x080022cc                PROVIDE (__init_array_start = .)
 *(SORT_BY_NAME(.init_array.*))
 .init_array.00000
                0x080022cc        0x4 c:/progra~2/armgnu~1/bin/../lib/gcc/arm-none-eabi/12.2.1/thumb/v7e-m/nofp\libg.a(libc_a-__call_atexit.o)
 *(.init_array*)
 .init_array    0x080022d0        0x4 c:/progra~2/armgnu~1/bin/../lib/gcc/arm-none-eabi/12.2.1/thumb/v7e-m/nofp/crtbegin.o
                0x080022d4                PROVIDE (__init_array_end = .)
                0x080022d4                . = ALIGN (0x4)

.fini_array     0x080022d4        0x4
                0x080022d4                . = ALIGN (0x4)
                0x080022d4                PROVIDE (__fini_array_start = .)
 *(SORT_BY_NAME(.fini_array.*))
 *(.fini_array*)
 .fini_array    0x080022d4        0x4 c:/progra~2/armgnu~1/bin/../lib/gcc/arm-none-eabi/12.2.1/thumb/v7e-m/nofp/crtbegin.o
                0x080022d8                PROVIDE (__fini_array_end = .)
                0x080022d8                . = ALIGN (0x4)
                0x080022d8                _sidata = LOADADDR (.data)

.data           0x20000000       0x10 load address 0x080022d8
                0x20000000                . = ALIGN (0x4)
                0x20000000                _sdata = .
 *(.data)
 *(.data*)
 .data.SystemCoreClock
                0x20000000        0x4 CMakeFiles/Test.elf.dir/Core/Src/system_stm32f4xx.c.obj
                0x20000000                SystemCoreClock
 .data.uwTickFreq
                0x20000004        0x1 CMakeFiles/Test.elf.dir/Drivers/STM32F4xx_HAL_Driver/Src/stm32f4xx_hal.c.obj
                0x20000004                uwTickFreq
 *fill*         0x20000005        0x3 
 .data.uwTickPrio
                0x20000008        0x4 CMakeFiles/Test.elf.dir/Drivers/STM32F4xx_HAL_Driver/Src/stm32f4xx_hal.c.obj
                0x20000008                uwTickPrio
 .data.__atexit_recursive_mutex
                0x2000000c        0x4 c:/progra~2/armgnu~1/bin/../lib/gcc/arm-none-eabi/12.2.1/thumb/v7e-m/nofp\libg.a(libc_a-__call_atexit.o)
                0x2000000c                __atexit_recursive_mutex
 *(.RamFunc)
 *(.RamFunc*)
                0x20000010                . = ALIGN (0x4)
                0x20000010                _edata = .
                0x080022e8                _siccmram = LOADADDR (.ccmram)

.tm_clone_table
                0x20000010        0x0 load address 0x080022e8
 .tm_clone_table
                0x20000010        0x0 c:/progra~2/armgnu~1/bin/../lib/gcc/arm-none-eabi/12.2.1/thumb/v7e-m/nofp/crtbegin.o
 .tm_clone_table
                0x20000010        0x0 c:/progra~2/armgnu~1/bin/../lib/gcc/arm-none-eabi/12.2.1/thumb/v7e-m/nofp/crtend.o

.igot.plt       0x20000010        0x0 load address 0x080022e8
 .igot.plt      0x20000010        0x0 c:/progra~2/armgnu~1/bin/../lib/gcc/arm-none-eabi/12.2.1/thumb/v7e-m/nofp/crtbegin.o

.ccmram         0x10000000        0x0 load address 0x080022e8
                0x10000000                . = ALIGN (0x4)
                0x10000000                _sccmram = .
 *(.ccmram)
 *(.ccmram*)
                0x10000000                . = ALIGN (0x4)
                0x10000000                _eccmram = .
                0x10000000                . = ALIGN (0x4)

.bss            0x20000010      0x2d4
                0x20000010                _sbss = .
                0x20000010                __bss_start__ = _sbss
 *(.bss)
 *(.bss*)
 .bss.completed.1
                0x20000010        0x1 c:/progra~2/armgnu~1/bin/../lib/gcc/arm-none-eabi/12.2.1/thumb/v7e-m/nofp/crtbegin.o
 *fill*         0x20000011        0x3 
 .bss.object.0  0x20000014       0x18 c:/progra~2/armgnu~1/bin/../lib/gcc/arm-none-eabi/12.2.1/thumb/v7e-m/nofp/crtbegin.o
 .bss.hcrc      0x2000002c        0x8 CMakeFiles/Test.elf.dir/Core/Src/crc.c.obj
                0x2000002c                hcrc
 .bss.FMC_Initialized
                0x20000034        0x4 CMakeFiles/Test.elf.dir/Core/Src/fmc.c.obj
 .bss.hsdram1   0x20000038       0x34 CMakeFiles/Test.elf.dir/Core/Src/fmc.c.obj
                0x20000038                hsdram1
 .bss.hqspi     0x2000006c       0x4c CMakeFiles/Test.elf.dir/Core/Src/quadspi.c.obj
                0x2000006c                hqspi
 .bss.htim6     0x200000b8       0x48 CMakeFiles/Test.elf.dir/Core/Src/stm32f4xx_hal_timebase_tim.c.obj
                0x200000b8                htim6
 .bss.htim1     0x20000100       0x48 CMakeFiles/Test.elf.dir/Core/Src/tim.c.obj
                0x20000100                htim1
 .bss.uwTick    0x20000148        0x4 CMakeFiles/Test.elf.dir/Drivers/STM32F4xx_HAL_Driver/Src/stm32f4xx_hal.c.obj
                0x20000148                uwTick
 .bss.__lock___atexit_recursive_mutex
                0x2000014c        0x1 c:/progra~2/armgnu~1/bin/../lib/gcc/arm-none-eabi/12.2.1/thumb/v7e-m/nofp\libg.a(libc_a-lock.o)
                0x2000014c                __lock___atexit_recursive_mutex
 *fill*         0x2000014d        0x3 
 .bss.__atexit  0x20000150        0x4 c:/progra~2/armgnu~1/bin/../lib/gcc/arm-none-eabi/12.2.1/thumb/v7e-m/nofp\libg.a(libc_a-__call_atexit.o)
                0x20000150                __atexit
 .bss.__atexit0
                0x20000154      0x190 c:/progra~2/armgnu~1/bin/../lib/gcc/arm-none-eabi/12.2.1/thumb/v7e-m/nofp\libg.a(libc_a-__atexit.o)
                0x20000154                __atexit0
 *(COMMON)
                0x200002e4                . = ALIGN (0x4)
                0x200002e4                _ebss = .
                0x200002e4                __bss_end__ = _ebss

._user_heap_stack
                0x200002e4      0x604
                0x200002e8                . = ALIGN (0x8)
 *fill*         0x200002e4        0x4 
                [!provide]                PROVIDE (end = .)
                0x200002e8                PROVIDE (_end = .)
                0x200004e8                . = (. + _Min_Heap_Size)
 *fill*         0x200002e8      0x200 
                0x200008e8                . = (. + _Min_Stack_Size)
 *fill*         0x200004e8      0x400 
                0x200008e8                . = ALIGN (0x8)

/DISCARD/
 libc.a(*)
 libm.a(*)
 libgcc.a(*)

.ARM.attributes
                0x00000000       0x2a
 *(.ARM.attributes)
 .ARM.attributes
                0x00000000       0x1e c:/progra~2/armgnu~1/bin/../lib/gcc/arm-none-eabi/12.2.1/thumb/v7e-m/nofp/crti.o
 .ARM.attributes
                0x0000001e       0x2e c:/progra~2/armgnu~1/bin/../lib/gcc/arm-none-eabi/12.2.1/thumb/v7e-m/nofp/crtbegin.o
 .ARM.attributes
                0x0000004c       0x2e CMakeFiles/Test.elf.dir/Core/Src/crc.c.obj
 .ARM.attributes
                0x0000007a       0x2e CMakeFiles/Test.elf.dir/Core/Src/fmc.c.obj
 .ARM.attributes
                0x000000a8       0x2e CMakeFiles/Test.elf.dir/Core/Src/gpio.c.obj
 .ARM.attributes
                0x000000d6       0x2e CMakeFiles/Test.elf.dir/Core/Src/main.c.obj
 .ARM.attributes
                0x00000104       0x2e CMakeFiles/Test.elf.dir/Core/Src/quadspi.c.obj
 .ARM.attributes
                0x00000132       0x2e CMakeFiles/Test.elf.dir/Core/Src/stm32f4xx_hal_msp.c.obj
 .ARM.attributes
                0x00000160       0x2e CMakeFiles/Test.elf.dir/Core/Src/stm32f4xx_hal_timebase_tim.c.obj
 .ARM.attributes
                0x0000018e       0x2e CMakeFiles/Test.elf.dir/Core/Src/stm32f4xx_it.c.obj
 .ARM.attributes
                0x000001bc       0x2e CMakeFiles/Test.elf.dir/Core/Src/system_stm32f4xx.c.obj
 .ARM.attributes
                0x000001ea       0x2e CMakeFiles/Test.elf.dir/Core/Src/tim.c.obj
 .ARM.attributes
                0x00000218       0x21 CMakeFiles/Test.elf.dir/Core/Startup/startup_stm32f469nihx.s.obj
 .ARM.attributes
                0x00000239       0x2e CMakeFiles/Test.elf.dir/Drivers/STM32F4xx_HAL_Driver/Src/stm32f4xx_hal.c.obj
 .ARM.attributes
                0x00000267       0x2e CMakeFiles/Test.elf.dir/Drivers/STM32F4xx_HAL_Driver/Src/stm32f4xx_hal_cortex.c.obj
 .ARM.attributes
                0x00000295       0x2e CMakeFiles/Test.elf.dir/Drivers/STM32F4xx_HAL_Driver/Src/stm32f4xx_hal_crc.c.obj
 .ARM.attributes
                0x000002c3       0x2e CMakeFiles/Test.elf.dir/Drivers/STM32F4xx_HAL_Driver/Src/stm32f4xx_hal_gpio.c.obj
 .ARM.attributes
                0x000002f1       0x2e CMakeFiles/Test.elf.dir/Drivers/STM32F4xx_HAL_Driver/Src/stm32f4xx_hal_pwr_ex.c.obj
 .ARM.attributes
                0x0000031f       0x2e CMakeFiles/Test.elf.dir/Drivers/STM32F4xx_HAL_Driver/Src/stm32f4xx_hal_qspi.c.obj
 .ARM.attributes
                0x0000034d       0x2e CMakeFiles/Test.elf.dir/Drivers/STM32F4xx_HAL_Driver/Src/stm32f4xx_hal_rcc.c.obj
 .ARM.attributes
                0x0000037b       0x2e CMakeFiles/Test.elf.dir/Drivers/STM32F4xx_HAL_Driver/Src/stm32f4xx_hal_rcc_ex.c.obj
 .ARM.attributes
                0x000003a9       0x2e CMakeFiles/Test.elf.dir/Drivers/STM32F4xx_HAL_Driver/Src/stm32f4xx_hal_sdram.c.obj
 .ARM.attributes
                0x000003d7       0x2e CMakeFiles/Test.elf.dir/Drivers/STM32F4xx_HAL_Driver/Src/stm32f4xx_hal_tim.c.obj
 .ARM.attributes
                0x00000405       0x2e CMakeFiles/Test.elf.dir/Drivers/STM32F4xx_HAL_Driver/Src/stm32f4xx_hal_tim_ex.c.obj
 .ARM.attributes
                0x00000433       0x2e CMakeFiles/Test.elf.dir/Drivers/STM32F4xx_HAL_Driver/Src/stm32f4xx_ll_fmc.c.obj
 .ARM.attributes
                0x00000461       0x1e c:/progra~2/armgnu~1/bin/../lib/gcc/arm-none-eabi/12.2.1/thumb/v7e-m/nofp\libgcc.a(_aeabi_uldivmod.o)
 .ARM.attributes
                0x0000047f       0x2e c:/progra~2/armgnu~1/bin/../lib/gcc/arm-none-eabi/12.2.1/thumb/v7e-m/nofp\libgcc.a(_udivmoddi4.o)
 .ARM.attributes
                0x000004ad       0x1e c:/progra~2/armgnu~1/bin/../lib/gcc/arm-none-eabi/12.2.1/thumb/v7e-m/nofp\libgcc.a(_dvmd_tls.o)
 .ARM.attributes
                0x000004cb       0x2e c:/progra~2/armgnu~1/bin/../lib/gcc/arm-none-eabi/12.2.1/thumb/v7e-m/nofp\libg.a(libc_a-memset.o)
 .ARM.attributes
                0x000004f9       0x2e c:/progra~2/armgnu~1/bin/../lib/gcc/arm-none-eabi/12.2.1/thumb/v7e-m/nofp\libg.a(libc_a-init.o)
 .ARM.attributes
                0x00000527       0x2e c:/progra~2/armgnu~1/bin/../lib/gcc/arm-none-eabi/12.2.1/thumb/v7e-m/nofp\libg.a(libc_a-lock.o)
 .ARM.attributes
                0x00000555       0x2e c:/progra~2/armgnu~1/bin/../lib/gcc/arm-none-eabi/12.2.1/thumb/v7e-m/nofp\libg.a(libc_a-__call_atexit.o)
 .ARM.attributes
                0x00000583       0x2e c:/progra~2/armgnu~1/bin/../lib/gcc/arm-none-eabi/12.2.1/thumb/v7e-m/nofp\libg.a(libc_a-atexit.o)
 .ARM.attributes
                0x000005b1       0x2e c:/progra~2/armgnu~1/bin/../lib/gcc/arm-none-eabi/12.2.1/thumb/v7e-m/nofp\libg.a(libc_a-fini.o)
 .ARM.attributes
                0x000005df       0x2e c:/progra~2/armgnu~1/bin/../lib/gcc/arm-none-eabi/12.2.1/thumb/v7e-m/nofp\libg.a(libc_a-__atexit.o)
 .ARM.attributes
                0x0000060d       0x2e c:/progra~2/armgnu~1/bin/../lib/gcc/arm-none-eabi/12.2.1/thumb/v7e-m/nofp/crtend.o
 .ARM.attributes
                0x0000063b       0x1e c:/progra~2/armgnu~1/bin/../lib/gcc/arm-none-eabi/12.2.1/thumb/v7e-m/nofp/crtn.o
OUTPUT(Test.elf elf32-littlearm)
LOAD linker stubs
LOAD c:/progra~2/armgnu~1/bin/../lib/gcc/arm-none-eabi/12.2.1/thumb/v7e-m/nofp\libc.a
LOAD c:/progra~2/armgnu~1/bin/../lib/gcc/arm-none-eabi/12.2.1/thumb/v7e-m/nofp\libm.a
LOAD c:/progra~2/armgnu~1/bin/../lib/gcc/arm-none-eabi/12.2.1/thumb/v7e-m/nofp\libgcc.a

.debug_info     0x00000000    0x120a1
 .debug_info    0x00000000      0x452 CMakeFiles/Test.elf.dir/Core/Src/crc.c.obj
 .debug_info    0x00000452      0xb79 CMakeFiles/Test.elf.dir/Core/Src/fmc.c.obj
 .debug_info    0x00000fcb      0x86d CMakeFiles/Test.elf.dir/Core/Src/gpio.c.obj
 .debug_info    0x00001838      0xbc0 CMakeFiles/Test.elf.dir/Core/Src/main.c.obj
 .debug_info    0x000023f8      0xa03 CMakeFiles/Test.elf.dir/Core/Src/quadspi.c.obj
 .debug_info    0x00002dfb      0x27d CMakeFiles/Test.elf.dir/Core/Src/stm32f4xx_hal_msp.c.obj
 .debug_info    0x00003078      0xcee CMakeFiles/Test.elf.dir/Core/Src/stm32f4xx_hal_timebase_tim.c.obj
 .debug_info    0x00003d66      0x6e5 CMakeFiles/Test.elf.dir/Core/Src/stm32f4xx_it.c.obj
 .debug_info    0x0000444b      0x34c CMakeFiles/Test.elf.dir/Core/Src/system_stm32f4xx.c.obj
 .debug_info    0x00004797      0xa0c CMakeFiles/Test.elf.dir/Core/Src/tim.c.obj
 .debug_info    0x000051a3       0x2e CMakeFiles/Test.elf.dir/Core/Startup/startup_stm32f469nihx.s.obj
 .debug_info    0x000051d1      0xa68 CMakeFiles/Test.elf.dir/Drivers/STM32F4xx_HAL_Driver/Src/stm32f4xx_hal.c.obj
 .debug_info    0x00005c39      0xfbf CMakeFiles/Test.elf.dir/Drivers/STM32F4xx_HAL_Driver/Src/stm32f4xx_hal_cortex.c.obj
 .debug_info    0x00006bf8      0x3b2 CMakeFiles/Test.elf.dir/Drivers/STM32F4xx_HAL_Driver/Src/stm32f4xx_hal_crc.c.obj
 .debug_info    0x00006faa      0x71c CMakeFiles/Test.elf.dir/Drivers/STM32F4xx_HAL_Driver/Src/stm32f4xx_hal_gpio.c.obj
 .debug_info    0x000076c6      0x78a CMakeFiles/Test.elf.dir/Drivers/STM32F4xx_HAL_Driver/Src/stm32f4xx_hal_pwr_ex.c.obj
 .debug_info    0x00007e50     0x18dd CMakeFiles/Test.elf.dir/Drivers/STM32F4xx_HAL_Driver/Src/stm32f4xx_hal_qspi.c.obj
 .debug_info    0x0000972d      0xa93 CMakeFiles/Test.elf.dir/Drivers/STM32F4xx_HAL_Driver/Src/stm32f4xx_hal_rcc.c.obj
 .debug_info    0x0000a1c0      0xaeb CMakeFiles/Test.elf.dir/Drivers/STM32F4xx_HAL_Driver/Src/stm32f4xx_hal_rcc_ex.c.obj
 .debug_info    0x0000acab     0x111f CMakeFiles/Test.elf.dir/Drivers/STM32F4xx_HAL_Driver/Src/stm32f4xx_hal_sdram.c.obj
 .debug_info    0x0000bdca     0x3b79 CMakeFiles/Test.elf.dir/Drivers/STM32F4xx_HAL_Driver/Src/stm32f4xx_hal_tim.c.obj
 .debug_info    0x0000f943     0x1a9b CMakeFiles/Test.elf.dir/Drivers/STM32F4xx_HAL_Driver/Src/stm32f4xx_hal_tim_ex.c.obj
 .debug_info    0x000113de      0xcc3 CMakeFiles/Test.elf.dir/Drivers/STM32F4xx_HAL_Driver/Src/stm32f4xx_ll_fmc.c.obj

.debug_abbrev   0x00000000     0x2d04
 .debug_abbrev  0x00000000      0x1b6 CMakeFiles/Test.elf.dir/Core/Src/crc.c.obj
 .debug_abbrev  0x000001b6      0x252 CMakeFiles/Test.elf.dir/Core/Src/fmc.c.obj
 .debug_abbrev  0x00000408      0x164 CMakeFiles/Test.elf.dir/Core/Src/gpio.c.obj
 .debug_abbrev  0x0000056c      0x233 CMakeFiles/Test.elf.dir/Core/Src/main.c.obj
 .debug_abbrev  0x0000079f      0x20f CMakeFiles/Test.elf.dir/Core/Src/quadspi.c.obj
 .debug_abbrev  0x000009ae       0xd6 CMakeFiles/Test.elf.dir/Core/Src/stm32f4xx_hal_msp.c.obj
 .debug_abbrev  0x00000a84      0x232 CMakeFiles/Test.elf.dir/Core/Src/stm32f4xx_hal_timebase_tim.c.obj
 .debug_abbrev  0x00000cb6      0x186 CMakeFiles/Test.elf.dir/Core/Src/stm32f4xx_it.c.obj
 .debug_abbrev  0x00000e3c      0x120 CMakeFiles/Test.elf.dir/Core/Src/system_stm32f4xx.c.obj
 .debug_abbrev  0x00000f5c      0x1ec CMakeFiles/Test.elf.dir/Core/Src/tim.c.obj
 .debug_abbrev  0x00001148       0x1d CMakeFiles/Test.elf.dir/Core/Startup/startup_stm32f469nihx.s.obj
 .debug_abbrev  0x00001165      0x23f CMakeFiles/Test.elf.dir/Drivers/STM32F4xx_HAL_Driver/Src/stm32f4xx_hal.c.obj
 .debug_abbrev  0x000013a4      0x39b CMakeFiles/Test.elf.dir/Drivers/STM32F4xx_HAL_Driver/Src/stm32f4xx_hal_cortex.c.obj
 .debug_abbrev  0x0000173f      0x1d0 CMakeFiles/Test.elf.dir/Drivers/STM32F4xx_HAL_Driver/Src/stm32f4xx_hal_crc.c.obj
 .debug_abbrev  0x0000190f      0x202 CMakeFiles/Test.elf.dir/Drivers/STM32F4xx_HAL_Driver/Src/stm32f4xx_hal_gpio.c.obj
 .debug_abbrev  0x00001b11      0x1e6 CMakeFiles/Test.elf.dir/Drivers/STM32F4xx_HAL_Driver/Src/stm32f4xx_hal_pwr_ex.c.obj
 .debug_abbrev  0x00001cf7      0x269 CMakeFiles/Test.elf.dir/Drivers/STM32F4xx_HAL_Driver/Src/stm32f4xx_hal_qspi.c.obj
 .debug_abbrev  0x00001f60      0x2c6 CMakeFiles/Test.elf.dir/Drivers/STM32F4xx_HAL_Driver/Src/stm32f4xx_hal_rcc.c.obj
 .debug_abbrev  0x00002226      0x202 CMakeFiles/Test.elf.dir/Drivers/STM32F4xx_HAL_Driver/Src/stm32f4xx_hal_rcc_ex.c.obj
 .debug_abbrev  0x00002428      0x24f CMakeFiles/Test.elf.dir/Drivers/STM32F4xx_HAL_Driver/Src/stm32f4xx_hal_sdram.c.obj
 .debug_abbrev  0x00002677      0x26a CMakeFiles/Test.elf.dir/Drivers/STM32F4xx_HAL_Driver/Src/stm32f4xx_hal_tim.c.obj
 .debug_abbrev  0x000028e1      0x268 CMakeFiles/Test.elf.dir/Drivers/STM32F4xx_HAL_Driver/Src/stm32f4xx_hal_tim_ex.c.obj
 .debug_abbrev  0x00002b49      0x1bb CMakeFiles/Test.elf.dir/Drivers/STM32F4xx_HAL_Driver/Src/stm32f4xx_ll_fmc.c.obj

.debug_aranges  0x00000000      0xe60
 .debug_aranges
                0x00000000       0x30 CMakeFiles/Test.elf.dir/Core/Src/crc.c.obj
 .debug_aranges
                0x00000030       0x40 CMakeFiles/Test.elf.dir/Core/Src/fmc.c.obj
 .debug_aranges
                0x00000070       0x20 CMakeFiles/Test.elf.dir/Core/Src/gpio.c.obj
 .debug_aranges
                0x00000090       0x38 CMakeFiles/Test.elf.dir/Core/Src/main.c.obj
 .debug_aranges
                0x000000c8       0x30 CMakeFiles/Test.elf.dir/Core/Src/quadspi.c.obj
 .debug_aranges
                0x000000f8       0x20 CMakeFiles/Test.elf.dir/Core/Src/stm32f4xx_hal_msp.c.obj
 .debug_aranges
                0x00000118       0x30 CMakeFiles/Test.elf.dir/Core/Src/stm32f4xx_hal_timebase_tim.c.obj
 .debug_aranges
                0x00000148       0x68 CMakeFiles/Test.elf.dir/Core/Src/stm32f4xx_it.c.obj
 .debug_aranges
                0x000001b0       0x28 CMakeFiles/Test.elf.dir/Core/Src/system_stm32f4xx.c.obj
 .debug_aranges
                0x000001d8       0x30 CMakeFiles/Test.elf.dir/Core/Src/tim.c.obj
 .debug_aranges
                0x00000208       0x28 CMakeFiles/Test.elf.dir/Core/Startup/startup_stm32f469nihx.s.obj
 .debug_aranges
                0x00000230      0x100 CMakeFiles/Test.elf.dir/Drivers/STM32F4xx_HAL_Driver/Src/stm32f4xx_hal.c.obj
 .debug_aranges
                0x00000330       0xd8 CMakeFiles/Test.elf.dir/Drivers/STM32F4xx_HAL_Driver/Src/stm32f4xx_hal_cortex.c.obj
 .debug_aranges
                0x00000408       0x50 CMakeFiles/Test.elf.dir/Drivers/STM32F4xx_HAL_Driver/Src/stm32f4xx_hal_crc.c.obj
 .debug_aranges
                0x00000458       0x58 CMakeFiles/Test.elf.dir/Drivers/STM32F4xx_HAL_Driver/Src/stm32f4xx_hal_gpio.c.obj
 .debug_aranges
                0x000004b0       0x60 CMakeFiles/Test.elf.dir/Drivers/STM32F4xx_HAL_Driver/Src/stm32f4xx_hal_pwr_ex.c.obj
 .debug_aranges
                0x00000510      0x170 CMakeFiles/Test.elf.dir/Drivers/STM32F4xx_HAL_Driver/Src/stm32f4xx_hal_qspi.c.obj
 .debug_aranges
                0x00000680       0x88 CMakeFiles/Test.elf.dir/Drivers/STM32F4xx_HAL_Driver/Src/stm32f4xx_hal_rcc.c.obj
 .debug_aranges
                0x00000708       0x70 CMakeFiles/Test.elf.dir/Drivers/STM32F4xx_HAL_Driver/Src/stm32f4xx_hal_rcc_ex.c.obj
 .debug_aranges
                0x00000778       0xe8 CMakeFiles/Test.elf.dir/Drivers/STM32F4xx_HAL_Driver/Src/stm32f4xx_hal_sdram.c.obj
 .debug_aranges
                0x00000860      0x3d0 CMakeFiles/Test.elf.dir/Drivers/STM32F4xx_HAL_Driver/Src/stm32f4xx_hal_tim.c.obj
 .debug_aranges
                0x00000c30      0x168 CMakeFiles/Test.elf.dir/Drivers/STM32F4xx_HAL_Driver/Src/stm32f4xx_hal_tim_ex.c.obj
 .debug_aranges
                0x00000d98       0xc8 CMakeFiles/Test.elf.dir/Drivers/STM32F4xx_HAL_Driver/Src/stm32f4xx_ll_fmc.c.obj

.debug_rnglists
                0x00000000      0xad5
 .debug_rnglists
                0x00000000       0x1f CMakeFiles/Test.elf.dir/Core/Src/crc.c.obj
 .debug_rnglists
                0x0000001f       0x2d CMakeFiles/Test.elf.dir/Core/Src/fmc.c.obj
 .debug_rnglists
                0x0000004c       0x14 CMakeFiles/Test.elf.dir/Core/Src/gpio.c.obj
 .debug_rnglists
                0x00000060       0x26 CMakeFiles/Test.elf.dir/Core/Src/main.c.obj
 .debug_rnglists
                0x00000086       0x20 CMakeFiles/Test.elf.dir/Core/Src/quadspi.c.obj
 .debug_rnglists
                0x000000a6       0x13 CMakeFiles/Test.elf.dir/Core/Src/stm32f4xx_hal_msp.c.obj
 .debug_rnglists
                0x000000b9       0x20 CMakeFiles/Test.elf.dir/Core/Src/stm32f4xx_hal_timebase_tim.c.obj
 .debug_rnglists
                0x000000d9       0x49 CMakeFiles/Test.elf.dir/Core/Src/stm32f4xx_it.c.obj
 .debug_rnglists
                0x00000122       0x1a CMakeFiles/Test.elf.dir/Core/Src/system_stm32f4xx.c.obj
 .debug_rnglists
                0x0000013c       0x1f CMakeFiles/Test.elf.dir/Core/Src/tim.c.obj
 .debug_rnglists
                0x0000015b       0x19 CMakeFiles/Test.elf.dir/Core/Startup/startup_stm32f469nihx.s.obj
 .debug_rnglists
                0x00000174       0xbb CMakeFiles/Test.elf.dir/Drivers/STM32F4xx_HAL_Driver/Src/stm32f4xx_hal.c.obj
 .debug_rnglists
                0x0000022f       0x9d CMakeFiles/Test.elf.dir/Drivers/STM32F4xx_HAL_Driver/Src/stm32f4xx_hal_cortex.c.obj
 .debug_rnglists
                0x000002cc       0x37 CMakeFiles/Test.elf.dir/Drivers/STM32F4xx_HAL_Driver/Src/stm32f4xx_hal_crc.c.obj
 .debug_rnglists
                0x00000303       0x3f CMakeFiles/Test.elf.dir/Drivers/STM32F4xx_HAL_Driver/Src/stm32f4xx_hal_gpio.c.obj
 .debug_rnglists
                0x00000342       0x44 CMakeFiles/Test.elf.dir/Drivers/STM32F4xx_HAL_Driver/Src/stm32f4xx_hal_pwr_ex.c.obj
 .debug_rnglists
                0x00000386      0x11e CMakeFiles/Test.elf.dir/Drivers/STM32F4xx_HAL_Driver/Src/stm32f4xx_hal_qspi.c.obj
 .debug_rnglists
                0x000004a4       0x75 CMakeFiles/Test.elf.dir/Drivers/STM32F4xx_HAL_Driver/Src/stm32f4xx_hal_rcc.c.obj
 .debug_rnglists
                0x00000519       0x63 CMakeFiles/Test.elf.dir/Drivers/STM32F4xx_HAL_Driver/Src/stm32f4xx_hal_rcc_ex.c.obj
 .debug_rnglists
                0x0000057c       0xa9 CMakeFiles/Test.elf.dir/Drivers/STM32F4xx_HAL_Driver/Src/stm32f4xx_hal_sdram.c.obj
 .debug_rnglists
                0x00000625      0x302 CMakeFiles/Test.elf.dir/Drivers/STM32F4xx_HAL_Driver/Src/stm32f4xx_hal_tim.c.obj
 .debug_rnglists
                0x00000927      0x11b CMakeFiles/Test.elf.dir/Drivers/STM32F4xx_HAL_Driver/Src/stm32f4xx_hal_tim_ex.c.obj
 .debug_rnglists
                0x00000a42       0x93 CMakeFiles/Test.elf.dir/Drivers/STM32F4xx_HAL_Driver/Src/stm32f4xx_ll_fmc.c.obj

.debug_line     0x00000000     0xeef5
 .debug_line    0x00000000      0x2a6 CMakeFiles/Test.elf.dir/Core/Src/crc.c.obj
 .debug_line    0x000002a6      0x4ef CMakeFiles/Test.elf.dir/Core/Src/fmc.c.obj
 .debug_line    0x00000795      0x586 CMakeFiles/Test.elf.dir/Core/Src/gpio.c.obj
 .debug_line    0x00000d1b      0x46f CMakeFiles/Test.elf.dir/Core/Src/main.c.obj
 .debug_line    0x0000118a      0x3be CMakeFiles/Test.elf.dir/Core/Src/quadspi.c.obj
 .debug_line    0x00001548      0x182 CMakeFiles/Test.elf.dir/Core/Src/stm32f4xx_hal_msp.c.obj
 .debug_line    0x000016ca      0x343 CMakeFiles/Test.elf.dir/Core/Src/stm32f4xx_hal_timebase_tim.c.obj
 .debug_line    0x00001a0d      0x310 CMakeFiles/Test.elf.dir/Core/Src/stm32f4xx_it.c.obj
 .debug_line    0x00001d1d      0x24b CMakeFiles/Test.elf.dir/Core/Src/system_stm32f4xx.c.obj
 .debug_line    0x00001f68      0x346 CMakeFiles/Test.elf.dir/Core/Src/tim.c.obj
 .debug_line    0x000022ae       0x7a CMakeFiles/Test.elf.dir/Core/Startup/startup_stm32f469nihx.s.obj
 .debug_line    0x00002328      0x62f CMakeFiles/Test.elf.dir/Drivers/STM32F4xx_HAL_Driver/Src/stm32f4xx_hal.c.obj
 .debug_line    0x00002957      0x8a2 CMakeFiles/Test.elf.dir/Drivers/STM32F4xx_HAL_Driver/Src/stm32f4xx_hal_cortex.c.obj
 .debug_line    0x000031f9      0x405 CMakeFiles/Test.elf.dir/Drivers/STM32F4xx_HAL_Driver/Src/stm32f4xx_hal_crc.c.obj
 .debug_line    0x000035fe      0x731 CMakeFiles/Test.elf.dir/Drivers/STM32F4xx_HAL_Driver/Src/stm32f4xx_hal_gpio.c.obj
 .debug_line    0x00003d2f      0x530 CMakeFiles/Test.elf.dir/Drivers/STM32F4xx_HAL_Driver/Src/stm32f4xx_hal_pwr_ex.c.obj
 .debug_line    0x0000425f     0x1731 CMakeFiles/Test.elf.dir/Drivers/STM32F4xx_HAL_Driver/Src/stm32f4xx_hal_qspi.c.obj
 .debug_line    0x00005990      0xb69 CMakeFiles/Test.elf.dir/Drivers/STM32F4xx_HAL_Driver/Src/stm32f4xx_hal_rcc.c.obj
 .debug_line    0x000064f9      0xe99 CMakeFiles/Test.elf.dir/Drivers/STM32F4xx_HAL_Driver/Src/stm32f4xx_hal_rcc_ex.c.obj
 .debug_line    0x00007392      0xbee CMakeFiles/Test.elf.dir/Drivers/STM32F4xx_HAL_Driver/Src/stm32f4xx_hal_sdram.c.obj
 .debug_line    0x00007f80     0x4aa0 CMakeFiles/Test.elf.dir/Drivers/STM32F4xx_HAL_Driver/Src/stm32f4xx_hal_tim.c.obj
 .debug_line    0x0000ca20     0x1d86 CMakeFiles/Test.elf.dir/Drivers/STM32F4xx_HAL_Driver/Src/stm32f4xx_hal_tim_ex.c.obj
 .debug_line    0x0000e7a6      0x74f CMakeFiles/Test.elf.dir/Drivers/STM32F4xx_HAL_Driver/Src/stm32f4xx_ll_fmc.c.obj

.debug_str      0x00000000     0x4cf3
 .debug_str     0x00000000      0x428 CMakeFiles/Test.elf.dir/Core/Src/crc.c.obj
                                0x481 (size before relaxing)
 .debug_str     0x00000428      0x53d CMakeFiles/Test.elf.dir/Core/Src/fmc.c.obj
                                0x8eb (size before relaxing)
 .debug_str     0x00000965       0x8b CMakeFiles/Test.elf.dir/Core/Src/gpio.c.obj
                                0x3e2 (size before relaxing)
 .debug_str     0x000009f0      0x4c3 CMakeFiles/Test.elf.dir/Core/Src/main.c.obj
                                0xa88 (size before relaxing)
 .debug_str     0x00000eb3      0x25e CMakeFiles/Test.elf.dir/Core/Src/quadspi.c.obj
                                0x885 (size before relaxing)
 .debug_str     0x00001111       0x5b CMakeFiles/Test.elf.dir/Core/Src/stm32f4xx_hal_msp.c.obj
                                0x311 (size before relaxing)
 .debug_str     0x0000116c      0x6d0 CMakeFiles/Test.elf.dir/Core/Src/stm32f4xx_hal_timebase_tim.c.obj
                                0xf3c (size before relaxing)
 .debug_str     0x0000183c      0x101 CMakeFiles/Test.elf.dir/Core/Src/stm32f4xx_it.c.obj
                                0x7c8 (size before relaxing)
 .debug_str     0x0000193d       0xb6 CMakeFiles/Test.elf.dir/Core/Src/system_stm32f4xx.c.obj
                                0x377 (size before relaxing)
 .debug_str     0x000019f3      0x150 CMakeFiles/Test.elf.dir/Core/Src/tim.c.obj
                                0x9a7 (size before relaxing)
 .debug_str     0x00001b43       0x73 CMakeFiles/Test.elf.dir/Core/Startup/startup_stm32f469nihx.s.obj
                                 0xb4 (size before relaxing)
 .debug_str     0x00001bb6      0x375 CMakeFiles/Test.elf.dir/Drivers/STM32F4xx_HAL_Driver/Src/stm32f4xx_hal.c.obj
                                0xc6f (size before relaxing)
 .debug_str     0x00001f2b      0x4bd CMakeFiles/Test.elf.dir/Drivers/STM32F4xx_HAL_Driver/Src/stm32f4xx_hal_cortex.c.obj
                                0xce9 (size before relaxing)
 .debug_str     0x000023e8       0xcc CMakeFiles/Test.elf.dir/Drivers/STM32F4xx_HAL_Driver/Src/stm32f4xx_hal_crc.c.obj
                                0x3e6 (size before relaxing)
 .debug_str     0x000024b4      0x144 CMakeFiles/Test.elf.dir/Drivers/STM32F4xx_HAL_Driver/Src/stm32f4xx_hal_gpio.c.obj
                                0x536 (size before relaxing)
 .debug_str     0x000025f8      0x16d CMakeFiles/Test.elf.dir/Drivers/STM32F4xx_HAL_Driver/Src/stm32f4xx_hal_pwr_ex.c.obj
                                0x521 (size before relaxing)
 .debug_str     0x00002765      0x5b2 CMakeFiles/Test.elf.dir/Drivers/STM32F4xx_HAL_Driver/Src/stm32f4xx_hal_qspi.c.obj
                                0xc5e (size before relaxing)
 .debug_str     0x00002d17      0x192 CMakeFiles/Test.elf.dir/Drivers/STM32F4xx_HAL_Driver/Src/stm32f4xx_hal_rcc.c.obj
                                0x761 (size before relaxing)
 .debug_str     0x00002ea9      0x2a1 CMakeFiles/Test.elf.dir/Drivers/STM32F4xx_HAL_Driver/Src/stm32f4xx_hal_rcc_ex.c.obj
                                0x720 (size before relaxing)
 .debug_str     0x0000314a      0x403 CMakeFiles/Test.elf.dir/Drivers/STM32F4xx_HAL_Driver/Src/stm32f4xx_hal_sdram.c.obj
                                0xaeb (size before relaxing)
 .debug_str     0x0000354d      0xe78 CMakeFiles/Test.elf.dir/Drivers/STM32F4xx_HAL_Driver/Src/stm32f4xx_hal_tim.c.obj
                               0x1732 (size before relaxing)
 .debug_str     0x000043c5      0x51d CMakeFiles/Test.elf.dir/Drivers/STM32F4xx_HAL_Driver/Src/stm32f4xx_hal_tim_ex.c.obj
                                0xf4e (size before relaxing)
 .debug_str     0x000048e2      0x411 CMakeFiles/Test.elf.dir/Drivers/STM32F4xx_HAL_Driver/Src/stm32f4xx_ll_fmc.c.obj
                                0x8f5 (size before relaxing)

.comment        0x00000000       0x45
 .comment       0x00000000       0x45 CMakeFiles/Test.elf.dir/Core/Src/crc.c.obj
                                 0x46 (size before relaxing)
 .comment       0x00000045       0x46 CMakeFiles/Test.elf.dir/Core/Src/fmc.c.obj
 .comment       0x00000045       0x46 CMakeFiles/Test.elf.dir/Core/Src/gpio.c.obj
 .comment       0x00000045       0x46 CMakeFiles/Test.elf.dir/Core/Src/main.c.obj
 .comment       0x00000045       0x46 CMakeFiles/Test.elf.dir/Core/Src/quadspi.c.obj
 .comment       0x00000045       0x46 CMakeFiles/Test.elf.dir/Core/Src/stm32f4xx_hal_msp.c.obj
 .comment       0x00000045       0x46 CMakeFiles/Test.elf.dir/Core/Src/stm32f4xx_hal_timebase_tim.c.obj
 .comment       0x00000045       0x46 CMakeFiles/Test.elf.dir/Core/Src/stm32f4xx_it.c.obj
 .comment       0x00000045       0x46 CMakeFiles/Test.elf.dir/Core/Src/system_stm32f4xx.c.obj
 .comment       0x00000045       0x46 CMakeFiles/Test.elf.dir/Core/Src/tim.c.obj
 .comment       0x00000045       0x46 CMakeFiles/Test.elf.dir/Drivers/STM32F4xx_HAL_Driver/Src/stm32f4xx_hal.c.obj
 .comment       0x00000045       0x46 CMakeFiles/Test.elf.dir/Drivers/STM32F4xx_HAL_Driver/Src/stm32f4xx_hal_cortex.c.obj
 .comment       0x00000045       0x46 CMakeFiles/Test.elf.dir/Drivers/STM32F4xx_HAL_Driver/Src/stm32f4xx_hal_crc.c.obj
 .comment       0x00000045       0x46 CMakeFiles/Test.elf.dir/Drivers/STM32F4xx_HAL_Driver/Src/stm32f4xx_hal_gpio.c.obj
 .comment       0x00000045       0x46 CMakeFiles/Test.elf.dir/Drivers/STM32F4xx_HAL_Driver/Src/stm32f4xx_hal_pwr_ex.c.obj
 .comment       0x00000045       0x46 CMakeFiles/Test.elf.dir/Drivers/STM32F4xx_HAL_Driver/Src/stm32f4xx_hal_qspi.c.obj
 .comment       0x00000045       0x46 CMakeFiles/Test.elf.dir/Drivers/STM32F4xx_HAL_Driver/Src/stm32f4xx_hal_rcc.c.obj
 .comment       0x00000045       0x46 CMakeFiles/Test.elf.dir/Drivers/STM32F4xx_HAL_Driver/Src/stm32f4xx_hal_rcc_ex.c.obj
 .comment       0x00000045       0x46 CMakeFiles/Test.elf.dir/Drivers/STM32F4xx_HAL_Driver/Src/stm32f4xx_hal_sdram.c.obj
 .comment       0x00000045       0x46 CMakeFiles/Test.elf.dir/Drivers/STM32F4xx_HAL_Driver/Src/stm32f4xx_hal_tim.c.obj
 .comment       0x00000045       0x46 CMakeFiles/Test.elf.dir/Drivers/STM32F4xx_HAL_Driver/Src/stm32f4xx_hal_tim_ex.c.obj
 .comment       0x00000045       0x46 CMakeFiles/Test.elf.dir/Drivers/STM32F4xx_HAL_Driver/Src/stm32f4xx_ll_fmc.c.obj

.debug_frame    0x00000000     0x266c
 .debug_frame   0x00000000       0x50 CMakeFiles/Test.elf.dir/Core/Src/crc.c.obj
 .debug_frame   0x00000050       0xa0 CMakeFiles/Test.elf.dir/Core/Src/fmc.c.obj
 .debug_frame   0x000000f0       0x40 CMakeFiles/Test.elf.dir/Core/Src/gpio.c.obj
 .debug_frame   0x00000130       0x70 CMakeFiles/Test.elf.dir/Core/Src/main.c.obj
 .debug_frame   0x000001a0       0x68 CMakeFiles/Test.elf.dir/Core/Src/quadspi.c.obj
 .debug_frame   0x00000208       0x28 CMakeFiles/Test.elf.dir/Core/Src/stm32f4xx_hal_msp.c.obj
 .debug_frame   0x00000230       0x54 CMakeFiles/Test.elf.dir/Core/Src/stm32f4xx_hal_timebase_tim.c.obj
 .debug_frame   0x00000284       0xb8 CMakeFiles/Test.elf.dir/Core/Src/stm32f4xx_it.c.obj
 .debug_frame   0x0000033c       0x30 CMakeFiles/Test.elf.dir/Core/Src/system_stm32f4xx.c.obj
 .debug_frame   0x0000036c       0x58 CMakeFiles/Test.elf.dir/Core/Src/tim.c.obj
 .debug_frame   0x000003c4      0x20c CMakeFiles/Test.elf.dir/Drivers/STM32F4xx_HAL_Driver/Src/stm32f4xx_hal.c.obj
 .debug_frame   0x000005d0      0x1cc CMakeFiles/Test.elf.dir/Drivers/STM32F4xx_HAL_Driver/Src/stm32f4xx_hal_cortex.c.obj
 .debug_frame   0x0000079c       0xb8 CMakeFiles/Test.elf.dir/Drivers/STM32F4xx_HAL_Driver/Src/stm32f4xx_hal_crc.c.obj
 .debug_frame   0x00000854       0xd4 CMakeFiles/Test.elf.dir/Drivers/STM32F4xx_HAL_Driver/Src/stm32f4xx_hal_gpio.c.obj
 .debug_frame   0x00000928       0xec CMakeFiles/Test.elf.dir/Drivers/STM32F4xx_HAL_Driver/Src/stm32f4xx_hal_pwr_ex.c.obj
 .debug_frame   0x00000a14      0x430 CMakeFiles/Test.elf.dir/Drivers/STM32F4xx_HAL_Driver/Src/stm32f4xx_hal_qspi.c.obj
 .debug_frame   0x00000e44      0x16c CMakeFiles/Test.elf.dir/Drivers/STM32F4xx_HAL_Driver/Src/stm32f4xx_hal_rcc.c.obj
 .debug_frame   0x00000fb0      0x130 CMakeFiles/Test.elf.dir/Drivers/STM32F4xx_HAL_Driver/Src/stm32f4xx_hal_rcc_ex.c.obj
 .debug_frame   0x000010e0      0x268 CMakeFiles/Test.elf.dir/Drivers/STM32F4xx_HAL_Driver/Src/stm32f4xx_hal_sdram.c.obj
 .debug_frame   0x00001348      0xb04 CMakeFiles/Test.elf.dir/Drivers/STM32F4xx_HAL_Driver/Src/stm32f4xx_hal_tim.c.obj
 .debug_frame   0x00001e4c      0x40c CMakeFiles/Test.elf.dir/Drivers/STM32F4xx_HAL_Driver/Src/stm32f4xx_hal_tim_ex.c.obj
 .debug_frame   0x00002258      0x1c8 CMakeFiles/Test.elf.dir/Drivers/STM32F4xx_HAL_Driver/Src/stm32f4xx_ll_fmc.c.obj
 .debug_frame   0x00002420       0x2c c:/progra~2/armgnu~1/bin/../lib/gcc/arm-none-eabi/12.2.1/thumb/v7e-m/nofp\libgcc.a(_aeabi_uldivmod.o)
 .debug_frame   0x0000244c       0x34 c:/progra~2/armgnu~1/bin/../lib/gcc/arm-none-eabi/12.2.1/thumb/v7e-m/nofp\libgcc.a(_udivmoddi4.o)
 .debug_frame   0x00002480       0x2c c:/progra~2/armgnu~1/bin/../lib/gcc/arm-none-eabi/12.2.1/thumb/v7e-m/nofp\libg.a(libc_a-memset.o)
 .debug_frame   0x000024ac       0x2c c:/progra~2/armgnu~1/bin/../lib/gcc/arm-none-eabi/12.2.1/thumb/v7e-m/nofp\libg.a(libc_a-init.o)
 .debug_frame   0x000024d8       0xb0 c:/progra~2/armgnu~1/bin/../lib/gcc/arm-none-eabi/12.2.1/thumb/v7e-m/nofp\libg.a(libc_a-lock.o)
 .debug_frame   0x00002588       0x5c c:/progra~2/armgnu~1/bin/../lib/gcc/arm-none-eabi/12.2.1/thumb/v7e-m/nofp\libg.a(libc_a-__call_atexit.o)
 .debug_frame   0x000025e4       0x20 c:/progra~2/armgnu~1/bin/../lib/gcc/arm-none-eabi/12.2.1/thumb/v7e-m/nofp\libg.a(libc_a-atexit.o)
 .debug_frame   0x00002604       0x34 c:/progra~2/armgnu~1/bin/../lib/gcc/arm-none-eabi/12.2.1/thumb/v7e-m/nofp\libg.a(libc_a-fini.o)
 .debug_frame   0x00002638       0x34 c:/progra~2/armgnu~1/bin/../lib/gcc/arm-none-eabi/12.2.1/thumb/v7e-m/nofp\libg.a(libc_a-__atexit.o)

.debug_loclists
                0x00000000     0x76ec
 .debug_loclists
                0x00000000       0x3a CMakeFiles/Test.elf.dir/Core/Src/fmc.c.obj
 .debug_loclists
                0x0000003a       0x34 CMakeFiles/Test.elf.dir/Core/Src/main.c.obj
 .debug_loclists
                0x0000006e       0x5d CMakeFiles/Test.elf.dir/Core/Src/quadspi.c.obj
 .debug_loclists
                0x000000cb       0x9b CMakeFiles/Test.elf.dir/Core/Src/stm32f4xx_hal_timebase_tim.c.obj
 .debug_loclists
                0x00000166       0xdb CMakeFiles/Test.elf.dir/Core/Src/system_stm32f4xx.c.obj
 .debug_loclists
                0x00000241       0xc9 CMakeFiles/Test.elf.dir/Drivers/STM32F4xx_HAL_Driver/Src/stm32f4xx_hal.c.obj
 .debug_loclists
                0x0000030a      0x439 CMakeFiles/Test.elf.dir/Drivers/STM32F4xx_HAL_Driver/Src/stm32f4xx_hal_cortex.c.obj
 .debug_loclists
                0x00000743      0x141 CMakeFiles/Test.elf.dir/Drivers/STM32F4xx_HAL_Driver/Src/stm32f4xx_hal_crc.c.obj
 .debug_loclists
                0x00000884      0x356 CMakeFiles/Test.elf.dir/Drivers/STM32F4xx_HAL_Driver/Src/stm32f4xx_hal_gpio.c.obj
 .debug_loclists
                0x00000bda      0x14e CMakeFiles/Test.elf.dir/Drivers/STM32F4xx_HAL_Driver/Src/stm32f4xx_hal_pwr_ex.c.obj
 .debug_loclists
                0x00000d28      0xdb4 CMakeFiles/Test.elf.dir/Drivers/STM32F4xx_HAL_Driver/Src/stm32f4xx_hal_qspi.c.obj
 .debug_loclists
                0x00001adc      0x3a9 CMakeFiles/Test.elf.dir/Drivers/STM32F4xx_HAL_Driver/Src/stm32f4xx_hal_rcc.c.obj
 .debug_loclists
                0x00001e85      0x552 CMakeFiles/Test.elf.dir/Drivers/STM32F4xx_HAL_Driver/Src/stm32f4xx_hal_rcc_ex.c.obj
 .debug_loclists
                0x000023d7      0x919 CMakeFiles/Test.elf.dir/Drivers/STM32F4xx_HAL_Driver/Src/stm32f4xx_hal_sdram.c.obj
 .debug_loclists
                0x00002cf0     0x32fb CMakeFiles/Test.elf.dir/Drivers/STM32F4xx_HAL_Driver/Src/stm32f4xx_hal_tim.c.obj
 .debug_loclists
                0x00005feb     0x1257 CMakeFiles/Test.elf.dir/Drivers/STM32F4xx_HAL_Driver/Src/stm32f4xx_hal_tim_ex.c.obj
 .debug_loclists
                0x00007242      0x4aa CMakeFiles/Test.elf.dir/Drivers/STM32F4xx_HAL_Driver/Src/stm32f4xx_ll_fmc.c.obj

.debug_line_str
                0x00000000      0x16a
 .debug_line_str
                0x00000000       0x98 CMakeFiles/Test.elf.dir/Core/Startup/startup_stm32f469nihx.s.obj
 .debug_line_str
                0x00000098       0xc6 c:/progra~2/armgnu~1/bin/../lib/gcc/arm-none-eabi/12.2.1/thumb/v7e-m/nofp\libgcc.a(_aeabi_uldivmod.o)
 .debug_line_str
                0x0000015e        0xc c:/progra~2/armgnu~1/bin/../lib/gcc/arm-none-eabi/12.2.1/thumb/v7e-m/nofp\libgcc.a(_dvmd_tls.o)
                                 0xca (size before relaxing)
